Archive member included because of file (symbol)

d:/es_diploma/tools/imt_sdk_win_64/winavr/bin/../lib/gcc/avr/4.3.3/avr5\libgcc.a(_udivmodsi4.o)
                              ./HAL/LCD/LCD_program.o (__udivmodsi4)
d:/es_diploma/tools/imt_sdk_win_64/winavr/bin/../lib/gcc/avr/4.3.3/avr5\libgcc.a(_exit.o)
                              d:/es_diploma/tools/imt_sdk_win_64/winavr/bin/../lib/gcc/avr/4.3.3/../../../../avr/lib/avr5/crtm32.o (exit)
d:/es_diploma/tools/imt_sdk_win_64/winavr/bin/../lib/gcc/avr/4.3.3/avr5\libgcc.a(_copy_data.o)
                              ./MCAL/PORT/PORT_cnf.o (__do_copy_data)
d:/es_diploma/tools/imt_sdk_win_64/winavr/bin/../lib/gcc/avr/4.3.3/avr5\libgcc.a(_clear_bss.o)
                              ./MCAL/TIMERS/TIMER0/src/TMR0_program.o (__do_clear_bss)
d:/es_diploma/tools/imt_sdk_win_64/winavr/bin/../lib/gcc/avr/4.3.3/avr5\libgcc.a(_fixunssfsi.o)
                              ./HAL/SEVEN_SEGMENT/SEVEN_SEGMENT.o (__fixunssfsi)
d:/es_diploma/tools/imt_sdk_win_64/winavr/bin/../lib/gcc/avr/4.3.3/avr5\libgcc.a(_addsub_sf.o)
                              d:/es_diploma/tools/imt_sdk_win_64/winavr/bin/../lib/gcc/avr/4.3.3/avr5\libgcc.a(_fixunssfsi.o) (__subsf3)
d:/es_diploma/tools/imt_sdk_win_64/winavr/bin/../lib/gcc/avr/4.3.3/avr5\libgcc.a(_mul_sf.o)
                              ./HAL/SEVEN_SEGMENT/SEVEN_SEGMENT.o (__mulsf3)
d:/es_diploma/tools/imt_sdk_win_64/winavr/bin/../lib/gcc/avr/4.3.3/avr5\libgcc.a(_gt_sf.o)
                              ./HAL/SEVEN_SEGMENT/SEVEN_SEGMENT.o (__gtsf2)
d:/es_diploma/tools/imt_sdk_win_64/winavr/bin/../lib/gcc/avr/4.3.3/avr5\libgcc.a(_ge_sf.o)
                              d:/es_diploma/tools/imt_sdk_win_64/winavr/bin/../lib/gcc/avr/4.3.3/avr5\libgcc.a(_fixunssfsi.o) (__gesf2)
d:/es_diploma/tools/imt_sdk_win_64/winavr/bin/../lib/gcc/avr/4.3.3/avr5\libgcc.a(_lt_sf.o)
                              ./HAL/SEVEN_SEGMENT/SEVEN_SEGMENT.o (__ltsf2)
d:/es_diploma/tools/imt_sdk_win_64/winavr/bin/../lib/gcc/avr/4.3.3/avr5\libgcc.a(_sf_to_si.o)
                              d:/es_diploma/tools/imt_sdk_win_64/winavr/bin/../lib/gcc/avr/4.3.3/avr5\libgcc.a(_fixunssfsi.o) (__fixsfsi)
d:/es_diploma/tools/imt_sdk_win_64/winavr/bin/../lib/gcc/avr/4.3.3/avr5\libgcc.a(_thenan_sf.o)
                              d:/es_diploma/tools/imt_sdk_win_64/winavr/bin/../lib/gcc/avr/4.3.3/avr5\libgcc.a(_addsub_sf.o) (__thenan_sf)
d:/es_diploma/tools/imt_sdk_win_64/winavr/bin/../lib/gcc/avr/4.3.3/avr5\libgcc.a(_prologue.o)
                              d:/es_diploma/tools/imt_sdk_win_64/winavr/bin/../lib/gcc/avr/4.3.3/avr5\libgcc.a(_addsub_sf.o) (__prologue_saves__)
d:/es_diploma/tools/imt_sdk_win_64/winavr/bin/../lib/gcc/avr/4.3.3/avr5\libgcc.a(_epilogue.o)
                              d:/es_diploma/tools/imt_sdk_win_64/winavr/bin/../lib/gcc/avr/4.3.3/avr5\libgcc.a(_addsub_sf.o) (__epilogue_restores__)
d:/es_diploma/tools/imt_sdk_win_64/winavr/bin/../lib/gcc/avr/4.3.3/avr5\libgcc.a(_pack_sf.o)
                              d:/es_diploma/tools/imt_sdk_win_64/winavr/bin/../lib/gcc/avr/4.3.3/avr5\libgcc.a(_addsub_sf.o) (__pack_f)
d:/es_diploma/tools/imt_sdk_win_64/winavr/bin/../lib/gcc/avr/4.3.3/avr5\libgcc.a(_unpack_sf.o)
                              d:/es_diploma/tools/imt_sdk_win_64/winavr/bin/../lib/gcc/avr/4.3.3/avr5\libgcc.a(_addsub_sf.o) (__unpack_f)
d:/es_diploma/tools/imt_sdk_win_64/winavr/bin/../lib/gcc/avr/4.3.3/avr5\libgcc.a(_fpcmp_parts_sf.o)
                              d:/es_diploma/tools/imt_sdk_win_64/winavr/bin/../lib/gcc/avr/4.3.3/avr5\libgcc.a(_gt_sf.o) (__fpcmp_parts_f)

Memory Configuration

Name             Origin             Length             Attributes
text             0x00000000         0x00020000         xr
data             0x00800060         0x0000ffa0         rw !x
eeprom           0x00810000         0x00010000         rw !x
fuse             0x00820000         0x00000400         rw !x
lock             0x00830000         0x00000400         rw !x
signature        0x00840000         0x00000400         rw !x
*default*        0x00000000         0xffffffff

Linker script and memory map

LOAD d:/es_diploma/tools/imt_sdk_win_64/winavr/bin/../lib/gcc/avr/4.3.3/../../../../avr/lib/avr5/crtm32.o
LOAD ./MCAL/UART/src/UART_program.o
LOAD ./MCAL/TIMERS/TIMER0/src/TMR0_program.o
LOAD ./MCAL/PORT/PORT.o
LOAD ./MCAL/PORT/PORT_cnf.o
LOAD ./MCAL/GI/GI_program.o
LOAD ./MCAL/EXTI/src/EXTI_program.o
LOAD ./MCAL/DIO/DIO_program.o
LOAD ./MCAL/ADC/src/ADC_program.o
LOAD ./HAL/SEVEN_SEGMENT/SEVEN_SEGMENT.o
LOAD ./HAL/LCD/LCD_program.o
LOAD ./HAL/KEYPAD/KP_program.o
LOAD ./HAL/DC_MOTOR_H_BRIDGE/DCM_program.o
LOAD ./main.o
LOAD d:/es_diploma/tools/imt_sdk_win_64/winavr/bin/../lib/gcc/avr/4.3.3/avr5\libgcc.a
LOAD d:/es_diploma/tools/imt_sdk_win_64/winavr/bin/../lib/gcc/avr/4.3.3/../../../../avr/lib/avr5\libc.a
LOAD d:/es_diploma/tools/imt_sdk_win_64/winavr/bin/../lib/gcc/avr/4.3.3/avr5\libgcc.a

.hash
 *(.hash)

.dynsym
 *(.dynsym)

.dynstr
 *(.dynstr)

.gnu.version
 *(.gnu.version)

.gnu.version_d
 *(.gnu.version_d)

.gnu.version_r
 *(.gnu.version_r)

.rel.init
 *(.rel.init)

.rela.init
 *(.rela.init)

.rel.text
 *(.rel.text)
 *(.rel.text.*)
 *(.rel.gnu.linkonce.t*)

.rela.text
 *(.rela.text)
 *(.rela.text.*)
 *(.rela.gnu.linkonce.t*)

.rel.fini
 *(.rel.fini)

.rela.fini
 *(.rela.fini)

.rel.rodata
 *(.rel.rodata)
 *(.rel.rodata.*)
 *(.rel.gnu.linkonce.r*)

.rela.rodata
 *(.rela.rodata)
 *(.rela.rodata.*)
 *(.rela.gnu.linkonce.r*)

.rel.data
 *(.rel.data)
 *(.rel.data.*)
 *(.rel.gnu.linkonce.d*)

.rela.data
 *(.rela.data)
 *(.rela.data.*)
 *(.rela.gnu.linkonce.d*)

.rel.ctors
 *(.rel.ctors)

.rela.ctors
 *(.rela.ctors)

.rel.dtors
 *(.rel.dtors)

.rela.dtors
 *(.rela.dtors)

.rel.got
 *(.rel.got)

.rela.got
 *(.rela.got)

.rel.bss
 *(.rel.bss)

.rela.bss
 *(.rela.bss)

.rel.plt
 *(.rel.plt)

.rela.plt
 *(.rela.plt)

.text           0x00000000     0x3604
 *(.vectors)
 .vectors       0x00000000       0x54 d:/es_diploma/tools/imt_sdk_win_64/winavr/bin/../lib/gcc/avr/4.3.3/../../../../avr/lib/avr5/crtm32.o
                0x00000000                __vectors
                0x00000000                __vector_default
 *(.vectors)
 *(.progmem.gcc*)
 *(.progmem*)
                0x00000054                . = ALIGN (0x2)
                0x00000054                __trampolines_start = .
 *(.trampolines)
 .trampolines   0x00000054        0x0 linker stubs
 *(.trampolines*)
                0x00000054                __trampolines_end = .
 *(.jumptables)
 *(.jumptables*)
 *(.lowtext)
 *(.lowtext*)
                0x00000054                __ctors_start = .
 *(.ctors)
                0x00000054                __ctors_end = .
                0x00000054                __dtors_start = .
 *(.dtors)
                0x00000054                __dtors_end = .
 SORT(*)(.ctors)
 SORT(*)(.dtors)
 *(.init0)
 .init0         0x00000054        0x0 d:/es_diploma/tools/imt_sdk_win_64/winavr/bin/../lib/gcc/avr/4.3.3/../../../../avr/lib/avr5/crtm32.o
                0x00000054                __init
 *(.init0)
 *(.init1)
 *(.init1)
 *(.init2)
 .init2         0x00000054        0xc d:/es_diploma/tools/imt_sdk_win_64/winavr/bin/../lib/gcc/avr/4.3.3/../../../../avr/lib/avr5/crtm32.o
 *(.init2)
 *(.init3)
 *(.init3)
 *(.init4)
 .init4         0x00000060       0x16 d:/es_diploma/tools/imt_sdk_win_64/winavr/bin/../lib/gcc/avr/4.3.3/avr5\libgcc.a(_copy_data.o)
                0x00000060                __do_copy_data
 .init4         0x00000076       0x10 d:/es_diploma/tools/imt_sdk_win_64/winavr/bin/../lib/gcc/avr/4.3.3/avr5\libgcc.a(_clear_bss.o)
                0x00000076                __do_clear_bss
 *(.init4)
 *(.init5)
 *(.init5)
 *(.init6)
 *(.init6)
 *(.init7)
 *(.init7)
 *(.init8)
 *(.init8)
 *(.init9)
 .init9         0x00000086        0x8 d:/es_diploma/tools/imt_sdk_win_64/winavr/bin/../lib/gcc/avr/4.3.3/../../../../avr/lib/avr5/crtm32.o
 *(.init9)
 *(.text)
 .text          0x0000008e        0x4 d:/es_diploma/tools/imt_sdk_win_64/winavr/bin/../lib/gcc/avr/4.3.3/../../../../avr/lib/avr5/crtm32.o
                0x0000008e                __vector_12
                0x0000008e                __bad_interrupt
                0x0000008e                __vector_6
                0x0000008e                __vector_13
                0x0000008e                __vector_17
                0x0000008e                __vector_19
                0x0000008e                __vector_7
                0x0000008e                __vector_5
                0x0000008e                __vector_4
                0x0000008e                __vector_9
                0x0000008e                __vector_15
                0x0000008e                __vector_8
                0x0000008e                __vector_14
                0x0000008e                __vector_16
                0x0000008e                __vector_18
                0x0000008e                __vector_20
 .text          0x00000092        0x0 ./MCAL/UART/src/UART_program.o
 .text          0x00000092        0x0 ./MCAL/TIMERS/TIMER0/src/TMR0_program.o
 .text          0x00000092        0x0 ./MCAL/PORT/PORT.o
 .text          0x00000092        0x0 ./MCAL/PORT/PORT_cnf.o
 .text          0x00000092        0x0 ./MCAL/GI/GI_program.o
 .text          0x00000092        0x0 ./MCAL/EXTI/src/EXTI_program.o
 .text          0x00000092        0x0 ./MCAL/DIO/DIO_program.o
 .text          0x00000092        0x0 ./MCAL/ADC/src/ADC_program.o
 .text          0x00000092        0x0 ./HAL/SEVEN_SEGMENT/SEVEN_SEGMENT.o
 .text          0x00000092        0x0 ./HAL/LCD/LCD_program.o
 .text          0x00000092        0x0 ./HAL/KEYPAD/KP_program.o
 .text          0x00000092        0x0 ./HAL/DC_MOTOR_H_BRIDGE/DCM_program.o
 .text          0x00000092        0x0 ./main.o
 .text          0x00000092        0x0 d:/es_diploma/tools/imt_sdk_win_64/winavr/bin/../lib/gcc/avr/4.3.3/avr5\libgcc.a(_udivmodsi4.o)
 .text          0x00000092        0x0 d:/es_diploma/tools/imt_sdk_win_64/winavr/bin/../lib/gcc/avr/4.3.3/avr5\libgcc.a(_exit.o)
 .text          0x00000092        0x0 d:/es_diploma/tools/imt_sdk_win_64/winavr/bin/../lib/gcc/avr/4.3.3/avr5\libgcc.a(_copy_data.o)
 .text          0x00000092        0x0 d:/es_diploma/tools/imt_sdk_win_64/winavr/bin/../lib/gcc/avr/4.3.3/avr5\libgcc.a(_clear_bss.o)
 .text          0x00000092       0x58 d:/es_diploma/tools/imt_sdk_win_64/winavr/bin/../lib/gcc/avr/4.3.3/avr5\libgcc.a(_fixunssfsi.o)
                0x00000092                __fixunssfsi
 .text          0x000000ea      0x354 d:/es_diploma/tools/imt_sdk_win_64/winavr/bin/../lib/gcc/avr/4.3.3/avr5\libgcc.a(_addsub_sf.o)
                0x00000382                __subsf3
                0x000003e4                __addsf3
 .text          0x0000043e      0x1f4 d:/es_diploma/tools/imt_sdk_win_64/winavr/bin/../lib/gcc/avr/4.3.3/avr5\libgcc.a(_mul_sf.o)
                0x0000043e                __mulsf3
 .text          0x00000632       0x60 d:/es_diploma/tools/imt_sdk_win_64/winavr/bin/../lib/gcc/avr/4.3.3/avr5\libgcc.a(_gt_sf.o)
                0x00000632                __gtsf2
 .text          0x00000692       0x60 d:/es_diploma/tools/imt_sdk_win_64/winavr/bin/../lib/gcc/avr/4.3.3/avr5\libgcc.a(_ge_sf.o)
                0x00000692                __gesf2
 .text          0x000006f2       0x60 d:/es_diploma/tools/imt_sdk_win_64/winavr/bin/../lib/gcc/avr/4.3.3/avr5\libgcc.a(_lt_sf.o)
                0x000006f2                __ltsf2
 .text          0x00000752       0xa8 d:/es_diploma/tools/imt_sdk_win_64/winavr/bin/../lib/gcc/avr/4.3.3/avr5\libgcc.a(_sf_to_si.o)
                0x00000752                __fixsfsi
 .text          0x000007fa        0x0 d:/es_diploma/tools/imt_sdk_win_64/winavr/bin/../lib/gcc/avr/4.3.3/avr5\libgcc.a(_thenan_sf.o)
 .text          0x000007fa        0x0 d:/es_diploma/tools/imt_sdk_win_64/winavr/bin/../lib/gcc/avr/4.3.3/avr5\libgcc.a(_prologue.o)
 .text          0x000007fa        0x0 d:/es_diploma/tools/imt_sdk_win_64/winavr/bin/../lib/gcc/avr/4.3.3/avr5\libgcc.a(_epilogue.o)
 .text          0x000007fa      0x1aa d:/es_diploma/tools/imt_sdk_win_64/winavr/bin/../lib/gcc/avr/4.3.3/avr5\libgcc.a(_pack_sf.o)
                0x000007fa                __pack_f
 .text          0x000009a4       0xf0 d:/es_diploma/tools/imt_sdk_win_64/winavr/bin/../lib/gcc/avr/4.3.3/avr5\libgcc.a(_unpack_sf.o)
                0x000009a4                __unpack_f
 .text          0x00000a94       0xb2 d:/es_diploma/tools/imt_sdk_win_64/winavr/bin/../lib/gcc/avr/4.3.3/avr5\libgcc.a(_fpcmp_parts_sf.o)
                0x00000a94                __fpcmp_parts_f
                0x00000b46                . = ALIGN (0x2)
 *(.text.*)
 .text.UART_Init
                0x00000b46       0x40 ./MCAL/UART/src/UART_program.o
                0x00000b46                UART_Init
 .text.UART_Send
                0x00000b86       0x34 ./MCAL/UART/src/UART_program.o
                0x00000b86                UART_Send
 .text.UART_SendNoBlock
                0x00000bba       0x1c ./MCAL/UART/src/UART_program.o
                0x00000bba                UART_SendNoBlock
 .text.UART_ReceiveNoBlock
                0x00000bd6       0x14 ./MCAL/UART/src/UART_program.o
                0x00000bd6                UART_ReceiveNoBlock
 .text.UART_Receive
                0x00000bea       0x1e ./MCAL/UART/src/UART_program.o
                0x00000bea                UART_Receive
 .text.UART_ReceivePerodic
                0x00000c08       0x3c ./MCAL/UART/src/UART_program.o
                0x00000c08                UART_ReceivePerodic
 .text.TMR0_voidSetDelay_ms_usingCTC
                0x00000c44       0x3a ./MCAL/TIMERS/TIMER0/src/TMR0_program.o
                0x00000c44                TMR0_voidSetDelay_ms_usingCTC
 .text.TMR0_voidSetDutyCycleForPWM
                0x00000c7e       0x14 ./MCAL/TIMERS/TIMER0/src/TMR0_program.o
                0x00000c7e                TMR0_voidSetDutyCycleForPWM
 .text.TMR0_voidInit
                0x00000c92       0x40 ./MCAL/TIMERS/TIMER0/src/TMR0_program.o
                0x00000c92                TMR0_voidInit
 .text.TMR0_voidStart
                0x00000cd2       0x38 ./MCAL/TIMERS/TIMER0/src/TMR0_program.o
                0x00000cd2                TMR0_voidStart
 .text.TMR0_voidStop
                0x00000d0a       0x38 ./MCAL/TIMERS/TIMER0/src/TMR0_program.o
                0x00000d0a                TMR0_voidStop
 .text.TMR0_voidSetCallBackOVF
                0x00000d42       0x2c ./MCAL/TIMERS/TIMER0/src/TMR0_program.o
                0x00000d42                TMR0_voidSetCallBackOVF
 .text.TMR0_voidSetCallBackCTC
                0x00000d6e       0x2c ./MCAL/TIMERS/TIMER0/src/TMR0_program.o
                0x00000d6e                TMR0_voidSetCallBackCTC
 .text.__vector_11
                0x00000d9a       0x96 ./MCAL/TIMERS/TIMER0/src/TMR0_program.o
                0x00000d9a                __vector_11
 .text.__vector_10
                0x00000e30       0xc6 ./MCAL/TIMERS/TIMER0/src/TMR0_program.o
                0x00000e30                __vector_10
 .text.TMR0_voidSetCompareMatchValue
                0x00000ef6       0x1c ./MCAL/TIMERS/TIMER0/src/TMR0_program.o
                0x00000ef6                TMR0_voidSetCompareMatchValue
 .text.Port_Init
                0x00000f12      0x40e ./MCAL/PORT/PORT.o
                0x00000f12                Port_Init
 .text.GI_voidEnable
                0x00001320       0x1c ./MCAL/GI/GI_program.o
                0x00001320                GI_voidEnable
 .text.GI_voidDisable
                0x0000133c       0x1c ./MCAL/GI/GI_program.o
                0x0000133c                GI_voidDisable
 .text.EXTI_voidInit
                0x00001358      0x1bc ./MCAL/EXTI/src/EXTI_program.o
                0x00001358                EXTI_voidInit
 .text.EXTI_voidEnable
                0x00001514       0x6e ./MCAL/EXTI/src/EXTI_program.o
                0x00001514                EXTI_voidEnable
 .text.EXTI_voidDisable
                0x00001582       0x6e ./MCAL/EXTI/src/EXTI_program.o
                0x00001582                EXTI_voidDisable
 .text.EXTRI_voidSetCallBackINT
                0x000015f0       0x7a ./MCAL/EXTI/src/EXTI_program.o
                0x000015f0                EXTRI_voidSetCallBackINT
 .text.__vector_1
                0x0000166a       0x66 ./MCAL/EXTI/src/EXTI_program.o
                0x0000166a                __vector_1
 .text.__vector_2
                0x000016d0       0x66 ./MCAL/EXTI/src/EXTI_program.o
                0x000016d0                __vector_2
 .text.__vector_3
                0x00001736       0x66 ./MCAL/EXTI/src/EXTI_program.o
                0x00001736                __vector_3
 .text.Dio_WriteChannel
                0x0000179c      0x1f2 ./MCAL/DIO/DIO_program.o
                0x0000179c                Dio_WriteChannel
 .text.Dio_ReadChannel
                0x0000198e      0x108 ./MCAL/DIO/DIO_program.o
                0x0000198e                Dio_ReadChannel
 .text.Dio_FlipChannel
                0x00001a96      0x1a6 ./MCAL/DIO/DIO_program.o
                0x00001a96                Dio_FlipChannel
 .text.Dio_WritePort
                0x00001c3c       0x82 ./MCAL/DIO/DIO_program.o
                0x00001c3c                Dio_WritePort
 .text.ADC_Init
                0x00001cbe       0x70 ./MCAL/ADC/src/ADC_program.o
                0x00001cbe                ADC_Init
 .text.ADC_ReadChannel
                0x00001d2e       0x8e ./MCAL/ADC/src/ADC_program.o
                0x00001d2e                ADC_ReadChannel
 .text.SevenSeg_SegEnable
                0x00001dbc       0xe0 ./HAL/SEVEN_SEGMENT/SEVEN_SEGMENT.o
                0x00001dbc                SevenSeg_SegEnable
 .text.SevenSeg_Send
                0x00001e9c      0x3ee ./HAL/SEVEN_SEGMENT/SEVEN_SEGMENT.o
                0x00001e9c                SevenSeg_Send
 .text.SevenSeg_SendOneSeg
                0x0000228a       0x58 ./HAL/SEVEN_SEGMENT/SEVEN_SEGMENT.o
                0x0000228a                SevenSeg_SendOneSeg
 .text.lcd4_Init
                0x000022e2      0x4f6 ./HAL/LCD/LCD_program.o
                0x000022e2                lcd4_Init
 .text.lcd4_CLR
                0x000027d8       0x14 ./HAL/LCD/LCD_program.o
                0x000027d8                lcd4_CLR
 .text.lcd4_disply_char
                0x000027ec       0x58 ./HAL/LCD/LCD_program.o
                0x000027ec                lcd4_disply_char
 .text.lcd4_disply_string
                0x00002844       0x38 ./HAL/LCD/LCD_program.o
                0x00002844                lcd4_disply_string
 .text.lcd4_disply_char_at_X_Y
                0x0000287c       0x2c ./HAL/LCD/LCD_program.o
                0x0000287c                lcd4_disply_char_at_X_Y
 .text.lcd4_disply_string_at_X_Y
                0x000028a8       0x32 ./HAL/LCD/LCD_program.o
                0x000028a8                lcd4_disply_string_at_X_Y
 .text.lcd4_disply_num
                0x000028da       0x78 ./HAL/LCD/LCD_program.o
                0x000028da                lcd4_disply_num
 .text.lcd4_disply_CustomCharacter
                0x00002952       0x80 ./HAL/LCD/LCD_program.o
                0x00002952                lcd4_disply_CustomCharacter
 .text.LCD_Data_write
                0x000029d2      0x472 ./HAL/LCD/LCD_program.o
 .text.LCD4_Command_Write
                0x00002e44      0x472 ./HAL/LCD/LCD_program.o
 .text.lcd4_set_cursor
                0x000032b6       0x8a ./HAL/LCD/LCD_program.o
 .text.KP_GetKey
                0x00003340      0x14c ./HAL/KEYPAD/KP_program.o
                0x00003340                KP_GetKey
 .text.DCM_voidOn
                0x0000348c       0x5a ./HAL/DC_MOTOR_H_BRIDGE/DCM_program.o
                0x0000348c                DCM_voidOn
 .text.DCM_voidControlSpeed
                0x000034e6       0x22 ./HAL/DC_MOTOR_H_BRIDGE/DCM_program.o
                0x000034e6                DCM_voidControlSpeed
 .text.DCM_voidOff
                0x00003508       0x16 ./HAL/DC_MOTOR_H_BRIDGE/DCM_program.o
                0x00003508                DCM_voidOff
 .text.main     0x0000351e       0x30 ./main.o
                0x0000351e                main
 .text.libgcc   0x0000354e       0x44 d:/es_diploma/tools/imt_sdk_win_64/winavr/bin/../lib/gcc/avr/4.3.3/avr5\libgcc.a(_udivmodsi4.o)
                0x0000354e                __udivmodsi4
 .text.libgcc   0x00003592        0x0 d:/es_diploma/tools/imt_sdk_win_64/winavr/bin/../lib/gcc/avr/4.3.3/avr5\libgcc.a(_exit.o)
 .text.libgcc   0x00003592        0x0 d:/es_diploma/tools/imt_sdk_win_64/winavr/bin/../lib/gcc/avr/4.3.3/avr5\libgcc.a(_copy_data.o)
 .text.libgcc   0x00003592        0x0 d:/es_diploma/tools/imt_sdk_win_64/winavr/bin/../lib/gcc/avr/4.3.3/avr5\libgcc.a(_clear_bss.o)
 .text.libgcc   0x00003592       0x38 d:/es_diploma/tools/imt_sdk_win_64/winavr/bin/../lib/gcc/avr/4.3.3/avr5\libgcc.a(_prologue.o)
                0x00003592                __prologue_saves__
 .text.libgcc   0x000035ca       0x36 d:/es_diploma/tools/imt_sdk_win_64/winavr/bin/../lib/gcc/avr/4.3.3/avr5\libgcc.a(_epilogue.o)
                0x000035ca                __epilogue_restores__
                0x00003600                . = ALIGN (0x2)
 *(.fini9)
 .fini9         0x00003600        0x0 d:/es_diploma/tools/imt_sdk_win_64/winavr/bin/../lib/gcc/avr/4.3.3/avr5\libgcc.a(_exit.o)
                0x00003600                exit
                0x00003600                _exit
 *(.fini9)
 *(.fini8)
 *(.fini8)
 *(.fini7)
 *(.fini7)
 *(.fini6)
 *(.fini6)
 *(.fini5)
 *(.fini5)
 *(.fini4)
 *(.fini4)
 *(.fini3)
 *(.fini3)
 *(.fini2)
 *(.fini2)
 *(.fini1)
 *(.fini1)
 *(.fini0)
 .fini0         0x00003600        0x4 d:/es_diploma/tools/imt_sdk_win_64/winavr/bin/../lib/gcc/avr/4.3.3/avr5\libgcc.a(_exit.o)
 *(.fini0)
                0x00003604                _etext = .

.data           0x00800060       0x7c load address 0x00003604
                0x00800060                PROVIDE (__data_start, .)
 *(.data)
 .data          0x00800060        0x0 d:/es_diploma/tools/imt_sdk_win_64/winavr/bin/../lib/gcc/avr/4.3.3/../../../../avr/lib/avr5/crtm32.o
 .data          0x00800060        0x0 ./MCAL/UART/src/UART_program.o
 .data          0x00800060        0x0 ./MCAL/TIMERS/TIMER0/src/TMR0_program.o
 .data          0x00800060        0x0 ./MCAL/PORT/PORT.o
 .data          0x00800060        0x0 ./MCAL/PORT/PORT_cnf.o
 .data          0x00800060        0x0 ./MCAL/GI/GI_program.o
 .data          0x00800060        0x0 ./MCAL/EXTI/src/EXTI_program.o
 .data          0x00800060        0x0 ./MCAL/DIO/DIO_program.o
 .data          0x00800060        0x0 ./MCAL/ADC/src/ADC_program.o
 .data          0x00800060        0x0 ./HAL/SEVEN_SEGMENT/SEVEN_SEGMENT.o
 .data          0x00800060        0x0 ./HAL/LCD/LCD_program.o
 .data          0x00800060        0x0 ./HAL/KEYPAD/KP_program.o
 .data          0x00800060        0x0 ./HAL/DC_MOTOR_H_BRIDGE/DCM_program.o
 .data          0x00800060        0x0 ./main.o
 .data          0x00800060        0x0 d:/es_diploma/tools/imt_sdk_win_64/winavr/bin/../lib/gcc/avr/4.3.3/avr5\libgcc.a(_udivmodsi4.o)
 .data          0x00800060        0x0 d:/es_diploma/tools/imt_sdk_win_64/winavr/bin/../lib/gcc/avr/4.3.3/avr5\libgcc.a(_exit.o)
 .data          0x00800060        0x0 d:/es_diploma/tools/imt_sdk_win_64/winavr/bin/../lib/gcc/avr/4.3.3/avr5\libgcc.a(_copy_data.o)
 .data          0x00800060        0x0 d:/es_diploma/tools/imt_sdk_win_64/winavr/bin/../lib/gcc/avr/4.3.3/avr5\libgcc.a(_clear_bss.o)
 .data          0x00800060        0x0 d:/es_diploma/tools/imt_sdk_win_64/winavr/bin/../lib/gcc/avr/4.3.3/avr5\libgcc.a(_fixunssfsi.o)
 .data          0x00800060        0x0 d:/es_diploma/tools/imt_sdk_win_64/winavr/bin/../lib/gcc/avr/4.3.3/avr5\libgcc.a(_addsub_sf.o)
 .data          0x00800060        0x0 d:/es_diploma/tools/imt_sdk_win_64/winavr/bin/../lib/gcc/avr/4.3.3/avr5\libgcc.a(_mul_sf.o)
 .data          0x00800060        0x0 d:/es_diploma/tools/imt_sdk_win_64/winavr/bin/../lib/gcc/avr/4.3.3/avr5\libgcc.a(_gt_sf.o)
 .data          0x00800060        0x0 d:/es_diploma/tools/imt_sdk_win_64/winavr/bin/../lib/gcc/avr/4.3.3/avr5\libgcc.a(_ge_sf.o)
 .data          0x00800060        0x0 d:/es_diploma/tools/imt_sdk_win_64/winavr/bin/../lib/gcc/avr/4.3.3/avr5\libgcc.a(_lt_sf.o)
 .data          0x00800060        0x0 d:/es_diploma/tools/imt_sdk_win_64/winavr/bin/../lib/gcc/avr/4.3.3/avr5\libgcc.a(_sf_to_si.o)
 .data          0x00800060        0x8 d:/es_diploma/tools/imt_sdk_win_64/winavr/bin/../lib/gcc/avr/4.3.3/avr5\libgcc.a(_thenan_sf.o)
                0x00800060                __thenan_sf
 .data          0x00800068        0x0 d:/es_diploma/tools/imt_sdk_win_64/winavr/bin/../lib/gcc/avr/4.3.3/avr5\libgcc.a(_prologue.o)
 .data          0x00800068        0x0 d:/es_diploma/tools/imt_sdk_win_64/winavr/bin/../lib/gcc/avr/4.3.3/avr5\libgcc.a(_epilogue.o)
 .data          0x00800068        0x0 d:/es_diploma/tools/imt_sdk_win_64/winavr/bin/../lib/gcc/avr/4.3.3/avr5\libgcc.a(_pack_sf.o)
 .data          0x00800068        0x0 d:/es_diploma/tools/imt_sdk_win_64/winavr/bin/../lib/gcc/avr/4.3.3/avr5\libgcc.a(_unpack_sf.o)
 .data          0x00800068        0x0 d:/es_diploma/tools/imt_sdk_win_64/winavr/bin/../lib/gcc/avr/4.3.3/avr5\libgcc.a(_fpcmp_parts_sf.o)
 *(.data*)
 .data.pin_cfg  0x00800068       0x63 ./MCAL/PORT/PORT_cnf.o
                0x00800068                pin_cfg
 .data.Keys     0x008000cb       0x10 ./HAL/KEYPAD/KP_program.o
                0x008000cb                Keys
 *(.rodata)
 *(.rodata*)
 *(.gnu.linkonce.d*)
                0x008000dc                . = ALIGN (0x2)
 *fill*         0x008000db        0x1 00
                0x008000dc                _edata = .
                0x008000dc                PROVIDE (__data_end, .)

.bss            0x008000dc       0x15
                0x008000dc                PROVIDE (__bss_start, .)
 *(.bss)
 .bss           0x008000dc        0x0 d:/es_diploma/tools/imt_sdk_win_64/winavr/bin/../lib/gcc/avr/4.3.3/../../../../avr/lib/avr5/crtm32.o
 .bss           0x008000dc        0x0 ./MCAL/UART/src/UART_program.o
 .bss           0x008000dc        0x0 ./MCAL/TIMERS/TIMER0/src/TMR0_program.o
 .bss           0x008000dc        0x0 ./MCAL/PORT/PORT.o
 .bss           0x008000dc        0x0 ./MCAL/PORT/PORT_cnf.o
 .bss           0x008000dc        0x0 ./MCAL/GI/GI_program.o
 .bss           0x008000dc        0x0 ./MCAL/EXTI/src/EXTI_program.o
 .bss           0x008000dc        0x0 ./MCAL/DIO/DIO_program.o
 .bss           0x008000dc        0x0 ./MCAL/ADC/src/ADC_program.o
 .bss           0x008000dc        0x0 ./HAL/SEVEN_SEGMENT/SEVEN_SEGMENT.o
 .bss           0x008000dc        0x0 ./HAL/LCD/LCD_program.o
 .bss           0x008000dc        0x0 ./HAL/KEYPAD/KP_program.o
 .bss           0x008000dc        0x0 ./HAL/DC_MOTOR_H_BRIDGE/DCM_program.o
 .bss           0x008000dc        0x0 ./main.o
 .bss           0x008000dc        0x0 d:/es_diploma/tools/imt_sdk_win_64/winavr/bin/../lib/gcc/avr/4.3.3/avr5\libgcc.a(_udivmodsi4.o)
 .bss           0x008000dc        0x0 d:/es_diploma/tools/imt_sdk_win_64/winavr/bin/../lib/gcc/avr/4.3.3/avr5\libgcc.a(_exit.o)
 .bss           0x008000dc        0x0 d:/es_diploma/tools/imt_sdk_win_64/winavr/bin/../lib/gcc/avr/4.3.3/avr5\libgcc.a(_copy_data.o)
 .bss           0x008000dc        0x0 d:/es_diploma/tools/imt_sdk_win_64/winavr/bin/../lib/gcc/avr/4.3.3/avr5\libgcc.a(_clear_bss.o)
 .bss           0x008000dc        0x0 d:/es_diploma/tools/imt_sdk_win_64/winavr/bin/../lib/gcc/avr/4.3.3/avr5\libgcc.a(_fixunssfsi.o)
 .bss           0x008000dc        0x0 d:/es_diploma/tools/imt_sdk_win_64/winavr/bin/../lib/gcc/avr/4.3.3/avr5\libgcc.a(_addsub_sf.o)
 .bss           0x008000dc        0x0 d:/es_diploma/tools/imt_sdk_win_64/winavr/bin/../lib/gcc/avr/4.3.3/avr5\libgcc.a(_mul_sf.o)
 .bss           0x008000dc        0x0 d:/es_diploma/tools/imt_sdk_win_64/winavr/bin/../lib/gcc/avr/4.3.3/avr5\libgcc.a(_gt_sf.o)
 .bss           0x008000dc        0x0 d:/es_diploma/tools/imt_sdk_win_64/winavr/bin/../lib/gcc/avr/4.3.3/avr5\libgcc.a(_ge_sf.o)
 .bss           0x008000dc        0x0 d:/es_diploma/tools/imt_sdk_win_64/winavr/bin/../lib/gcc/avr/4.3.3/avr5\libgcc.a(_lt_sf.o)
 .bss           0x008000dc        0x0 d:/es_diploma/tools/imt_sdk_win_64/winavr/bin/../lib/gcc/avr/4.3.3/avr5\libgcc.a(_sf_to_si.o)
 .bss           0x008000dc        0x0 d:/es_diploma/tools/imt_sdk_win_64/winavr/bin/../lib/gcc/avr/4.3.3/avr5\libgcc.a(_thenan_sf.o)
 .bss           0x008000dc        0x0 d:/es_diploma/tools/imt_sdk_win_64/winavr/bin/../lib/gcc/avr/4.3.3/avr5\libgcc.a(_prologue.o)
 .bss           0x008000dc        0x0 d:/es_diploma/tools/imt_sdk_win_64/winavr/bin/../lib/gcc/avr/4.3.3/avr5\libgcc.a(_epilogue.o)
 .bss           0x008000dc        0x0 d:/es_diploma/tools/imt_sdk_win_64/winavr/bin/../lib/gcc/avr/4.3.3/avr5\libgcc.a(_pack_sf.o)
 .bss           0x008000dc        0x0 d:/es_diploma/tools/imt_sdk_win_64/winavr/bin/../lib/gcc/avr/4.3.3/avr5\libgcc.a(_unpack_sf.o)
 .bss           0x008000dc        0x0 d:/es_diploma/tools/imt_sdk_win_64/winavr/bin/../lib/gcc/avr/4.3.3/avr5\libgcc.a(_fpcmp_parts_sf.o)
 *(.bss*)
 .bss.TMR0_privatePtrToCAllBackOVF
                0x008000dc        0x2 ./MCAL/TIMERS/TIMER0/src/TMR0_program.o
 .bss.TMR0_privatePtrToCAllBackCTC
                0x008000de        0x2 ./MCAL/TIMERS/TIMER0/src/TMR0_program.o
 .bss.local_u16ovCounter.1280
                0x008000e0        0x2 ./MCAL/TIMERS/TIMER0/src/TMR0_program.o
 .bss.local_u32CTCCounter.1296
                0x008000e2        0x4 ./MCAL/TIMERS/TIMER0/src/TMR0_program.o
 .bss.private_ctcCounter
                0x008000e6        0x4 ./MCAL/TIMERS/TIMER0/src/TMR0_program.o
 .bss.private_pCallBackINT0
                0x008000ea        0x2 ./MCAL/EXTI/src/EXTI_program.o
 .bss.private_pCallBackINT1
                0x008000ec        0x2 ./MCAL/EXTI/src/EXTI_program.o
 .bss.private_pCallBackINT2
                0x008000ee        0x2 ./MCAL/EXTI/src/EXTI_program.o
 .bss.current_pos
                0x008000f0        0x1 ./HAL/LCD/LCD_program.o
                0x008000f0                current_pos
 *(COMMON)
                0x008000f1                PROVIDE (__bss_end, .)
                0x00003604                __data_load_start = LOADADDR (.data)
                0x00003680                __data_load_end = (__data_load_start + SIZEOF (.data))

.noinit         0x008000f1        0x0
                0x008000f1                PROVIDE (__noinit_start, .)
 *(.noinit*)
                0x008000f1                PROVIDE (__noinit_end, .)
                0x008000f1                _end = .
                0x008000f1                PROVIDE (__heap_start, .)

.eeprom         0x00810000        0x0
 *(.eeprom*)
                0x00810000                __eeprom_end = .

.fuse
 *(.fuse)
 *(.lfuse)
 *(.hfuse)
 *(.efuse)

.lock
 *(.lock*)

.signature
 *(.signature*)

.stab           0x00000000     0x3e7c
 *(.stab)
 .stab          0x00000000      0x318 ./MCAL/UART/src/UART_program.o
 .stab          0x00000318      0x4f8 ./MCAL/TIMERS/TIMER0/src/TMR0_program.o
                                0x504 (size before relaxing)
 .stab          0x00000810      0x564 ./MCAL/PORT/PORT.o
                                0x570 (size before relaxing)
 .stab          0x00000d74      0x144 ./MCAL/PORT/PORT_cnf.o
                                0x420 (size before relaxing)
 .stab          0x00000eb8      0x1c8 ./MCAL/GI/GI_program.o
                                0x1d4 (size before relaxing)
 .stab          0x00001080      0x4a4 ./MCAL/EXTI/src/EXTI_program.o
                                0x4b0 (size before relaxing)
 .stab          0x00001524      0x504 ./MCAL/DIO/DIO_program.o
                                0x6c0 (size before relaxing)
 .stab          0x00001a28      0x354 ./MCAL/ADC/src/ADC_program.o
                                0x510 (size before relaxing)
 .stab          0x00001d7c      0x72c ./HAL/SEVEN_SEGMENT/SEVEN_SEGMENT.o
                                0x8e8 (size before relaxing)
 .stab          0x000024a8     0x1134 ./HAL/LCD/LCD_program.o
                               0x12f0 (size before relaxing)
 .stab          0x000035dc      0x3cc ./HAL/KEYPAD/KP_program.o
                                0x588 (size before relaxing)
 .stab          0x000039a8      0x30c ./HAL/DC_MOTOR_H_BRIDGE/DCM_program.o
                                0x4c8 (size before relaxing)
 .stab          0x00003cb4      0x1c8 ./main.o
                                0x4b0 (size before relaxing)

.stabstr        0x00000000     0x2902
 *(.stabstr)
 .stabstr       0x00000000     0x2902 ./MCAL/UART/src/UART_program.o

.stab.excl
 *(.stab.excl)

.stab.exclstr
 *(.stab.exclstr)

.stab.index
 *(.stab.index)

.stab.indexstr
 *(.stab.indexstr)

.comment
 *(.comment)

.debug
 *(.debug)

.line
 *(.line)

.debug_srcinfo
 *(.debug_srcinfo)

.debug_sfnames
 *(.debug_sfnames)

.debug_aranges  0x00000000      0x140
 *(.debug_aranges)
 .debug_aranges
                0x00000000       0x20 d:/es_diploma/tools/imt_sdk_win_64/winavr/bin/../lib/gcc/avr/4.3.3/avr5\libgcc.a(_fixunssfsi.o)
 .debug_aranges
                0x00000020       0x20 d:/es_diploma/tools/imt_sdk_win_64/winavr/bin/../lib/gcc/avr/4.3.3/avr5\libgcc.a(_addsub_sf.o)
 .debug_aranges
                0x00000040       0x20 d:/es_diploma/tools/imt_sdk_win_64/winavr/bin/../lib/gcc/avr/4.3.3/avr5\libgcc.a(_mul_sf.o)
 .debug_aranges
                0x00000060       0x20 d:/es_diploma/tools/imt_sdk_win_64/winavr/bin/../lib/gcc/avr/4.3.3/avr5\libgcc.a(_gt_sf.o)
 .debug_aranges
                0x00000080       0x20 d:/es_diploma/tools/imt_sdk_win_64/winavr/bin/../lib/gcc/avr/4.3.3/avr5\libgcc.a(_ge_sf.o)
 .debug_aranges
                0x000000a0       0x20 d:/es_diploma/tools/imt_sdk_win_64/winavr/bin/../lib/gcc/avr/4.3.3/avr5\libgcc.a(_lt_sf.o)
 .debug_aranges
                0x000000c0       0x20 d:/es_diploma/tools/imt_sdk_win_64/winavr/bin/../lib/gcc/avr/4.3.3/avr5\libgcc.a(_sf_to_si.o)
 .debug_aranges
                0x000000e0       0x20 d:/es_diploma/tools/imt_sdk_win_64/winavr/bin/../lib/gcc/avr/4.3.3/avr5\libgcc.a(_pack_sf.o)
 .debug_aranges
                0x00000100       0x20 d:/es_diploma/tools/imt_sdk_win_64/winavr/bin/../lib/gcc/avr/4.3.3/avr5\libgcc.a(_unpack_sf.o)
 .debug_aranges
                0x00000120       0x20 d:/es_diploma/tools/imt_sdk_win_64/winavr/bin/../lib/gcc/avr/4.3.3/avr5\libgcc.a(_fpcmp_parts_sf.o)

.debug_pubnames
                0x00000000      0x170
 *(.debug_pubnames)
 .debug_pubnames
                0x00000000       0x23 d:/es_diploma/tools/imt_sdk_win_64/winavr/bin/../lib/gcc/avr/4.3.3/avr5\libgcc.a(_fixunssfsi.o)
 .debug_pubnames
                0x00000023       0x2c d:/es_diploma/tools/imt_sdk_win_64/winavr/bin/../lib/gcc/avr/4.3.3/avr5\libgcc.a(_addsub_sf.o)
 .debug_pubnames
                0x0000004f       0x1f d:/es_diploma/tools/imt_sdk_win_64/winavr/bin/../lib/gcc/avr/4.3.3/avr5\libgcc.a(_mul_sf.o)
 .debug_pubnames
                0x0000006e       0x1e d:/es_diploma/tools/imt_sdk_win_64/winavr/bin/../lib/gcc/avr/4.3.3/avr5\libgcc.a(_gt_sf.o)
 .debug_pubnames
                0x0000008c       0x1e d:/es_diploma/tools/imt_sdk_win_64/winavr/bin/../lib/gcc/avr/4.3.3/avr5\libgcc.a(_ge_sf.o)
 .debug_pubnames
                0x000000aa       0x1e d:/es_diploma/tools/imt_sdk_win_64/winavr/bin/../lib/gcc/avr/4.3.3/avr5\libgcc.a(_lt_sf.o)
 .debug_pubnames
                0x000000c8       0x20 d:/es_diploma/tools/imt_sdk_win_64/winavr/bin/../lib/gcc/avr/4.3.3/avr5\libgcc.a(_sf_to_si.o)
 .debug_pubnames
                0x000000e8       0x22 d:/es_diploma/tools/imt_sdk_win_64/winavr/bin/../lib/gcc/avr/4.3.3/avr5\libgcc.a(_thenan_sf.o)
 .debug_pubnames
                0x0000010a       0x1f d:/es_diploma/tools/imt_sdk_win_64/winavr/bin/../lib/gcc/avr/4.3.3/avr5\libgcc.a(_pack_sf.o)
 .debug_pubnames
                0x00000129       0x21 d:/es_diploma/tools/imt_sdk_win_64/winavr/bin/../lib/gcc/avr/4.3.3/avr5\libgcc.a(_unpack_sf.o)
 .debug_pubnames
                0x0000014a       0x26 d:/es_diploma/tools/imt_sdk_win_64/winavr/bin/../lib/gcc/avr/4.3.3/avr5\libgcc.a(_fpcmp_parts_sf.o)

.debug_info     0x00000000     0x1c49
 *(.debug_info)
 .debug_info    0x00000000       0xb1 d:/es_diploma/tools/imt_sdk_win_64/winavr/bin/../lib/gcc/avr/4.3.3/avr5\libgcc.a(_fixunssfsi.o)
 .debug_info    0x000000b1      0x47a d:/es_diploma/tools/imt_sdk_win_64/winavr/bin/../lib/gcc/avr/4.3.3/avr5\libgcc.a(_addsub_sf.o)
 .debug_info    0x0000052b      0x485 d:/es_diploma/tools/imt_sdk_win_64/winavr/bin/../lib/gcc/avr/4.3.3/avr5\libgcc.a(_mul_sf.o)
 .debug_info    0x000009b0      0x27f d:/es_diploma/tools/imt_sdk_win_64/winavr/bin/../lib/gcc/avr/4.3.3/avr5\libgcc.a(_gt_sf.o)
 .debug_info    0x00000c2f      0x27f d:/es_diploma/tools/imt_sdk_win_64/winavr/bin/../lib/gcc/avr/4.3.3/avr5\libgcc.a(_ge_sf.o)
 .debug_info    0x00000eae      0x27f d:/es_diploma/tools/imt_sdk_win_64/winavr/bin/../lib/gcc/avr/4.3.3/avr5\libgcc.a(_lt_sf.o)
 .debug_info    0x0000112d      0x2b0 d:/es_diploma/tools/imt_sdk_win_64/winavr/bin/../lib/gcc/avr/4.3.3/avr5\libgcc.a(_sf_to_si.o)
 .debug_info    0x000013dd      0x12c d:/es_diploma/tools/imt_sdk_win_64/winavr/bin/../lib/gcc/avr/4.3.3/avr5\libgcc.a(_thenan_sf.o)
 .debug_info    0x00001509      0x2df d:/es_diploma/tools/imt_sdk_win_64/winavr/bin/../lib/gcc/avr/4.3.3/avr5\libgcc.a(_pack_sf.o)
 .debug_info    0x000017e8      0x251 d:/es_diploma/tools/imt_sdk_win_64/winavr/bin/../lib/gcc/avr/4.3.3/avr5\libgcc.a(_unpack_sf.o)
 .debug_info    0x00001a39      0x210 d:/es_diploma/tools/imt_sdk_win_64/winavr/bin/../lib/gcc/avr/4.3.3/avr5\libgcc.a(_fpcmp_parts_sf.o)
 *(.gnu.linkonce.wi.*)

.debug_abbrev   0x00000000      0xeeb
 *(.debug_abbrev)
 .debug_abbrev  0x00000000       0x5d d:/es_diploma/tools/imt_sdk_win_64/winavr/bin/../lib/gcc/avr/4.3.3/avr5\libgcc.a(_fixunssfsi.o)
 .debug_abbrev  0x0000005d      0x1ea d:/es_diploma/tools/imt_sdk_win_64/winavr/bin/../lib/gcc/avr/4.3.3/avr5\libgcc.a(_addsub_sf.o)
 .debug_abbrev  0x00000247      0x21b d:/es_diploma/tools/imt_sdk_win_64/winavr/bin/../lib/gcc/avr/4.3.3/avr5\libgcc.a(_mul_sf.o)
 .debug_abbrev  0x00000462      0x15a d:/es_diploma/tools/imt_sdk_win_64/winavr/bin/../lib/gcc/avr/4.3.3/avr5\libgcc.a(_gt_sf.o)
 .debug_abbrev  0x000005bc      0x15a d:/es_diploma/tools/imt_sdk_win_64/winavr/bin/../lib/gcc/avr/4.3.3/avr5\libgcc.a(_ge_sf.o)
 .debug_abbrev  0x00000716      0x15a d:/es_diploma/tools/imt_sdk_win_64/winavr/bin/../lib/gcc/avr/4.3.3/avr5\libgcc.a(_lt_sf.o)
 .debug_abbrev  0x00000870      0x17f d:/es_diploma/tools/imt_sdk_win_64/winavr/bin/../lib/gcc/avr/4.3.3/avr5\libgcc.a(_sf_to_si.o)
 .debug_abbrev  0x000009ef       0xad d:/es_diploma/tools/imt_sdk_win_64/winavr/bin/../lib/gcc/avr/4.3.3/avr5\libgcc.a(_thenan_sf.o)
 .debug_abbrev  0x00000a9c      0x1c0 d:/es_diploma/tools/imt_sdk_win_64/winavr/bin/../lib/gcc/avr/4.3.3/avr5\libgcc.a(_pack_sf.o)
 .debug_abbrev  0x00000c5c      0x154 d:/es_diploma/tools/imt_sdk_win_64/winavr/bin/../lib/gcc/avr/4.3.3/avr5\libgcc.a(_unpack_sf.o)
 .debug_abbrev  0x00000db0      0x13b d:/es_diploma/tools/imt_sdk_win_64/winavr/bin/../lib/gcc/avr/4.3.3/avr5\libgcc.a(_fpcmp_parts_sf.o)

.debug_line     0x00000000      0xdad
 *(.debug_line)
 .debug_line    0x00000000       0xa7 d:/es_diploma/tools/imt_sdk_win_64/winavr/bin/../lib/gcc/avr/4.3.3/avr5\libgcc.a(_fixunssfsi.o)
 .debug_line    0x000000a7      0x2af d:/es_diploma/tools/imt_sdk_win_64/winavr/bin/../lib/gcc/avr/4.3.3/avr5\libgcc.a(_addsub_sf.o)
 .debug_line    0x00000356      0x239 d:/es_diploma/tools/imt_sdk_win_64/winavr/bin/../lib/gcc/avr/4.3.3/avr5\libgcc.a(_mul_sf.o)
 .debug_line    0x0000058f       0xd3 d:/es_diploma/tools/imt_sdk_win_64/winavr/bin/../lib/gcc/avr/4.3.3/avr5\libgcc.a(_gt_sf.o)
 .debug_line    0x00000662       0xd3 d:/es_diploma/tools/imt_sdk_win_64/winavr/bin/../lib/gcc/avr/4.3.3/avr5\libgcc.a(_ge_sf.o)
 .debug_line    0x00000735       0xd3 d:/es_diploma/tools/imt_sdk_win_64/winavr/bin/../lib/gcc/avr/4.3.3/avr5\libgcc.a(_lt_sf.o)
 .debug_line    0x00000808      0x109 d:/es_diploma/tools/imt_sdk_win_64/winavr/bin/../lib/gcc/avr/4.3.3/avr5\libgcc.a(_sf_to_si.o)
 .debug_line    0x00000911       0x90 d:/es_diploma/tools/imt_sdk_win_64/winavr/bin/../lib/gcc/avr/4.3.3/avr5\libgcc.a(_thenan_sf.o)
 .debug_line    0x000009a1      0x18a d:/es_diploma/tools/imt_sdk_win_64/winavr/bin/../lib/gcc/avr/4.3.3/avr5\libgcc.a(_pack_sf.o)
 .debug_line    0x00000b2b      0x14b d:/es_diploma/tools/imt_sdk_win_64/winavr/bin/../lib/gcc/avr/4.3.3/avr5\libgcc.a(_unpack_sf.o)
 .debug_line    0x00000c76      0x137 d:/es_diploma/tools/imt_sdk_win_64/winavr/bin/../lib/gcc/avr/4.3.3/avr5\libgcc.a(_fpcmp_parts_sf.o)

.debug_frame    0x00000000      0x160
 *(.debug_frame)
 .debug_frame   0x00000000       0x20 d:/es_diploma/tools/imt_sdk_win_64/winavr/bin/../lib/gcc/avr/4.3.3/avr5\libgcc.a(_fixunssfsi.o)
 .debug_frame   0x00000020       0x40 d:/es_diploma/tools/imt_sdk_win_64/winavr/bin/../lib/gcc/avr/4.3.3/avr5\libgcc.a(_addsub_sf.o)
 .debug_frame   0x00000060       0x20 d:/es_diploma/tools/imt_sdk_win_64/winavr/bin/../lib/gcc/avr/4.3.3/avr5\libgcc.a(_mul_sf.o)
 .debug_frame   0x00000080       0x20 d:/es_diploma/tools/imt_sdk_win_64/winavr/bin/../lib/gcc/avr/4.3.3/avr5\libgcc.a(_gt_sf.o)
 .debug_frame   0x000000a0       0x20 d:/es_diploma/tools/imt_sdk_win_64/winavr/bin/../lib/gcc/avr/4.3.3/avr5\libgcc.a(_ge_sf.o)
 .debug_frame   0x000000c0       0x20 d:/es_diploma/tools/imt_sdk_win_64/winavr/bin/../lib/gcc/avr/4.3.3/avr5\libgcc.a(_lt_sf.o)
 .debug_frame   0x000000e0       0x20 d:/es_diploma/tools/imt_sdk_win_64/winavr/bin/../lib/gcc/avr/4.3.3/avr5\libgcc.a(_sf_to_si.o)
 .debug_frame   0x00000100       0x20 d:/es_diploma/tools/imt_sdk_win_64/winavr/bin/../lib/gcc/avr/4.3.3/avr5\libgcc.a(_pack_sf.o)
 .debug_frame   0x00000120       0x20 d:/es_diploma/tools/imt_sdk_win_64/winavr/bin/../lib/gcc/avr/4.3.3/avr5\libgcc.a(_unpack_sf.o)
 .debug_frame   0x00000140       0x20 d:/es_diploma/tools/imt_sdk_win_64/winavr/bin/../lib/gcc/avr/4.3.3/avr5\libgcc.a(_fpcmp_parts_sf.o)

.debug_str      0x00000000      0x28d
 *(.debug_str)
 .debug_str     0x00000000       0xbf d:/es_diploma/tools/imt_sdk_win_64/winavr/bin/../lib/gcc/avr/4.3.3/avr5\libgcc.a(_fixunssfsi.o)
                                 0xfe (size before relaxing)
 .debug_str     0x000000bf      0x14d d:/es_diploma/tools/imt_sdk_win_64/winavr/bin/../lib/gcc/avr/4.3.3/avr5\libgcc.a(_addsub_sf.o)
                                0x206 (size before relaxing)
 .debug_str     0x0000020c       0x27 d:/es_diploma/tools/imt_sdk_win_64/winavr/bin/../lib/gcc/avr/4.3.3/avr5\libgcc.a(_mul_sf.o)
                                0x1bf (size before relaxing)
 .debug_str     0x00000233        0xf d:/es_diploma/tools/imt_sdk_win_64/winavr/bin/../lib/gcc/avr/4.3.3/avr5\libgcc.a(_gt_sf.o)
                                0x195 (size before relaxing)
 .debug_str     0x00000242        0x8 d:/es_diploma/tools/imt_sdk_win_64/winavr/bin/../lib/gcc/avr/4.3.3/avr5\libgcc.a(_ge_sf.o)
                                0x195 (size before relaxing)
 .debug_str     0x0000024a        0x8 d:/es_diploma/tools/imt_sdk_win_64/winavr/bin/../lib/gcc/avr/4.3.3/avr5\libgcc.a(_lt_sf.o)
                                0x195 (size before relaxing)
 .debug_str     0x00000252        0xa d:/es_diploma/tools/imt_sdk_win_64/winavr/bin/../lib/gcc/avr/4.3.3/avr5\libgcc.a(_sf_to_si.o)
                                0x19e (size before relaxing)
 .debug_str     0x00000000      0x103 d:/es_diploma/tools/imt_sdk_win_64/winavr/bin/../lib/gcc/avr/4.3.3/avr5\libgcc.a(_thenan_sf.o)
 .debug_str     0x0000025c       0x16 d:/es_diploma/tools/imt_sdk_win_64/winavr/bin/../lib/gcc/avr/4.3.3/avr5\libgcc.a(_pack_sf.o)
                                0x19d (size before relaxing)
 .debug_str     0x00000272        0xb d:/es_diploma/tools/imt_sdk_win_64/winavr/bin/../lib/gcc/avr/4.3.3/avr5\libgcc.a(_unpack_sf.o)
                                0x17f (size before relaxing)
 .debug_str     0x0000027d       0x10 d:/es_diploma/tools/imt_sdk_win_64/winavr/bin/../lib/gcc/avr/4.3.3/avr5\libgcc.a(_fpcmp_parts_sf.o)
                                0x163 (size before relaxing)

.debug_loc      0x00000000      0x7ce
 *(.debug_loc)
 .debug_loc     0x00000000       0x34 d:/es_diploma/tools/imt_sdk_win_64/winavr/bin/../lib/gcc/avr/4.3.3/avr5\libgcc.a(_fixunssfsi.o)
 .debug_loc     0x00000034      0x32a d:/es_diploma/tools/imt_sdk_win_64/winavr/bin/../lib/gcc/avr/4.3.3/avr5\libgcc.a(_addsub_sf.o)
 .debug_loc     0x0000035e      0x104 d:/es_diploma/tools/imt_sdk_win_64/winavr/bin/../lib/gcc/avr/4.3.3/avr5\libgcc.a(_mul_sf.o)
 .debug_loc     0x00000462       0x3c d:/es_diploma/tools/imt_sdk_win_64/winavr/bin/../lib/gcc/avr/4.3.3/avr5\libgcc.a(_gt_sf.o)
 .debug_loc     0x0000049e       0x3c d:/es_diploma/tools/imt_sdk_win_64/winavr/bin/../lib/gcc/avr/4.3.3/avr5\libgcc.a(_ge_sf.o)
 .debug_loc     0x000004da       0x3c d:/es_diploma/tools/imt_sdk_win_64/winavr/bin/../lib/gcc/avr/4.3.3/avr5\libgcc.a(_lt_sf.o)
 .debug_loc     0x00000516       0x7e d:/es_diploma/tools/imt_sdk_win_64/winavr/bin/../lib/gcc/avr/4.3.3/avr5\libgcc.a(_sf_to_si.o)
 .debug_loc     0x00000594      0x13e d:/es_diploma/tools/imt_sdk_win_64/winavr/bin/../lib/gcc/avr/4.3.3/avr5\libgcc.a(_pack_sf.o)
 .debug_loc     0x000006d2       0xac d:/es_diploma/tools/imt_sdk_win_64/winavr/bin/../lib/gcc/avr/4.3.3/avr5\libgcc.a(_unpack_sf.o)
 .debug_loc     0x0000077e       0x50 d:/es_diploma/tools/imt_sdk_win_64/winavr/bin/../lib/gcc/avr/4.3.3/avr5\libgcc.a(_fpcmp_parts_sf.o)

.debug_macinfo
 *(.debug_macinfo)
OUTPUT(UART.elf elf32-avr)
LOAD linker stubs

.debug_ranges   0x00000000       0x50
 .debug_ranges  0x00000000       0x50 d:/es_diploma/tools/imt_sdk_win_64/winavr/bin/../lib/gcc/avr/4.3.3/avr5\libgcc.a(_mul_sf.o)
