Archive member included because of file (symbol)

d:/es_diploma/tools/imt_sdk_win_64/winavr/bin/../lib/gcc/avr/4.3.3/avr5\libgcc.a(_mulsi3.o)
                              ./MCAL/HICU/src/HICU_program.o (__mulsi3)
d:/es_diploma/tools/imt_sdk_win_64/winavr/bin/../lib/gcc/avr/4.3.3/avr5\libgcc.a(_udivmodhi4.o)
                              ./MCAL/TIMERS/TIMER0/src/TMR0_program.o (__udivmodhi4)
d:/es_diploma/tools/imt_sdk_win_64/winavr/bin/../lib/gcc/avr/4.3.3/avr5\libgcc.a(_udivmodsi4.o)
                              ./MCAL/TIMERS/TIMER1/src/TMR1_program.o (__udivmodsi4)
d:/es_diploma/tools/imt_sdk_win_64/winavr/bin/../lib/gcc/avr/4.3.3/avr5\libgcc.a(_exit.o)
                              d:/es_diploma/tools/imt_sdk_win_64/winavr/bin/../lib/gcc/avr/4.3.3/../../../../avr/lib/avr5/crtm32.o (exit)
d:/es_diploma/tools/imt_sdk_win_64/winavr/bin/../lib/gcc/avr/4.3.3/avr5\libgcc.a(_copy_data.o)
                              ./MCAL/PORT/PORT_cnf.o (__do_copy_data)
d:/es_diploma/tools/imt_sdk_win_64/winavr/bin/../lib/gcc/avr/4.3.3/avr5\libgcc.a(_clear_bss.o)
                              ./OS/OS_program.o (__do_clear_bss)
d:/es_diploma/tools/imt_sdk_win_64/winavr/bin/../lib/gcc/avr/4.3.3/avr5\libgcc.a(_fixunssfsi.o)
                              ./MCAL/TIMERS/TIMER1/src/TMR1_program.o (__fixunssfsi)
d:/es_diploma/tools/imt_sdk_win_64/winavr/bin/../lib/gcc/avr/4.3.3/avr5\libgcc.a(_addsub_sf.o)
                              ./MCAL/TIMERS/TIMER1/src/TMR1_program.o (__subsf3)
d:/es_diploma/tools/imt_sdk_win_64/winavr/bin/../lib/gcc/avr/4.3.3/avr5\libgcc.a(_mul_sf.o)
                              ./MCAL/TIMERS/TIMER1/src/TMR1_program.o (__mulsf3)
d:/es_diploma/tools/imt_sdk_win_64/winavr/bin/../lib/gcc/avr/4.3.3/avr5\libgcc.a(_div_sf.o)
                              ./MCAL/TIMERS/TIMER1/src/TMR1_program.o (__divsf3)
d:/es_diploma/tools/imt_sdk_win_64/winavr/bin/../lib/gcc/avr/4.3.3/avr5\libgcc.a(_eq_sf.o)
                              ./MCAL/TIMERS/TIMER1/src/TMR1_program.o (__eqsf2)
d:/es_diploma/tools/imt_sdk_win_64/winavr/bin/../lib/gcc/avr/4.3.3/avr5\libgcc.a(_gt_sf.o)
                              ./HAL/LCD/LCD.o (__gtsf2)
d:/es_diploma/tools/imt_sdk_win_64/winavr/bin/../lib/gcc/avr/4.3.3/avr5\libgcc.a(_ge_sf.o)
                              d:/es_diploma/tools/imt_sdk_win_64/winavr/bin/../lib/gcc/avr/4.3.3/avr5\libgcc.a(_fixunssfsi.o) (__gesf2)
d:/es_diploma/tools/imt_sdk_win_64/winavr/bin/../lib/gcc/avr/4.3.3/avr5\libgcc.a(_lt_sf.o)
                              ./HAL/LCD/LCD.o (__ltsf2)
d:/es_diploma/tools/imt_sdk_win_64/winavr/bin/../lib/gcc/avr/4.3.3/avr5\libgcc.a(_le_sf.o)
                              ./MCAL/TIMERS/TIMER1/src/TMR1_program.o (__lesf2)
d:/es_diploma/tools/imt_sdk_win_64/winavr/bin/../lib/gcc/avr/4.3.3/avr5\libgcc.a(_sf_to_si.o)
                              d:/es_diploma/tools/imt_sdk_win_64/winavr/bin/../lib/gcc/avr/4.3.3/avr5\libgcc.a(_fixunssfsi.o) (__fixsfsi)
d:/es_diploma/tools/imt_sdk_win_64/winavr/bin/../lib/gcc/avr/4.3.3/avr5\libgcc.a(_thenan_sf.o)
                              d:/es_diploma/tools/imt_sdk_win_64/winavr/bin/../lib/gcc/avr/4.3.3/avr5\libgcc.a(_addsub_sf.o) (__thenan_sf)
d:/es_diploma/tools/imt_sdk_win_64/winavr/bin/../lib/gcc/avr/4.3.3/avr5\libgcc.a(_usi_to_sf.o)
                              ./MCAL/TIMERS/TIMER1/src/TMR1_program.o (__floatunsisf)
d:/es_diploma/tools/imt_sdk_win_64/winavr/bin/../lib/gcc/avr/4.3.3/avr5\libgcc.a(_prologue.o)
                              d:/es_diploma/tools/imt_sdk_win_64/winavr/bin/../lib/gcc/avr/4.3.3/avr5\libgcc.a(_addsub_sf.o) (__prologue_saves__)
d:/es_diploma/tools/imt_sdk_win_64/winavr/bin/../lib/gcc/avr/4.3.3/avr5\libgcc.a(_epilogue.o)
                              d:/es_diploma/tools/imt_sdk_win_64/winavr/bin/../lib/gcc/avr/4.3.3/avr5\libgcc.a(_addsub_sf.o) (__epilogue_restores__)
d:/es_diploma/tools/imt_sdk_win_64/winavr/bin/../lib/gcc/avr/4.3.3/avr5\libgcc.a(_clzsi2.o)
                              d:/es_diploma/tools/imt_sdk_win_64/winavr/bin/../lib/gcc/avr/4.3.3/avr5\libgcc.a(_usi_to_sf.o) (__clzsi2)
d:/es_diploma/tools/imt_sdk_win_64/winavr/bin/../lib/gcc/avr/4.3.3/avr5\libgcc.a(_pack_sf.o)
                              d:/es_diploma/tools/imt_sdk_win_64/winavr/bin/../lib/gcc/avr/4.3.3/avr5\libgcc.a(_addsub_sf.o) (__pack_f)
d:/es_diploma/tools/imt_sdk_win_64/winavr/bin/../lib/gcc/avr/4.3.3/avr5\libgcc.a(_unpack_sf.o)
                              d:/es_diploma/tools/imt_sdk_win_64/winavr/bin/../lib/gcc/avr/4.3.3/avr5\libgcc.a(_addsub_sf.o) (__unpack_f)
d:/es_diploma/tools/imt_sdk_win_64/winavr/bin/../lib/gcc/avr/4.3.3/avr5\libgcc.a(_fpcmp_parts_sf.o)
                              d:/es_diploma/tools/imt_sdk_win_64/winavr/bin/../lib/gcc/avr/4.3.3/avr5\libgcc.a(_eq_sf.o) (__fpcmp_parts_f)
d:/es_diploma/tools/imt_sdk_win_64/winavr/bin/../lib/gcc/avr/4.3.3/avr5\libgcc.a(_clz.o)
                              d:/es_diploma/tools/imt_sdk_win_64/winavr/bin/../lib/gcc/avr/4.3.3/avr5\libgcc.a(_clzsi2.o) (__clz_tab)

Allocating common symbols
Common symbol       size              file

OS_Tasks            0x20              ./OS/OS_program.o

Memory Configuration

Name             Origin             Length             Attributes
text             0x00000000         0x00020000         xr
data             0x00800060         0x0000ffa0         rw !x
eeprom           0x00810000         0x00010000         rw !x
fuse             0x00820000         0x00000400         rw !x
lock             0x00830000         0x00000400         rw !x
signature        0x00840000         0x00000400         rw !x
*default*        0x00000000         0xffffffff

Linker script and memory map

LOAD d:/es_diploma/tools/imt_sdk_win_64/winavr/bin/../lib/gcc/avr/4.3.3/../../../../avr/lib/avr5/crtm32.o
LOAD ./OS/OS_program.o
LOAD ./MCAL/WDT/src/WDT_program.o
LOAD ./MCAL/TIMERS/TIMER2/src/TMR2_program.o
LOAD ./MCAL/TIMERS/TIMER1/src/TMR1_program.o
LOAD ./MCAL/TIMERS/TIMER0/src/TMR0_program.o
LOAD ./MCAL/PORT/PORT.o
LOAD ./MCAL/PORT/PORT_cnf.o
LOAD ./MCAL/HICU/src/HICU_program.o
LOAD ./MCAL/GI/GI_program.o
LOAD ./MCAL/EXTI/src/EXTI_program.o
LOAD ./MCAL/DIO/DIO_program.o
LOAD ./HAL/LCD/LCD.o
LOAD ./main.o
LOAD d:/es_diploma/tools/imt_sdk_win_64/winavr/bin/../lib/gcc/avr/4.3.3/avr5\libgcc.a
LOAD d:/es_diploma/tools/imt_sdk_win_64/winavr/bin/../lib/gcc/avr/4.3.3/../../../../avr/lib/avr5\libc.a
LOAD d:/es_diploma/tools/imt_sdk_win_64/winavr/bin/../lib/gcc/avr/4.3.3/avr5\libgcc.a

.hash
 *(.hash)

.dynsym
 *(.dynsym)

.dynstr
 *(.dynstr)

.gnu.version
 *(.gnu.version)

.gnu.version_d
 *(.gnu.version_d)

.gnu.version_r
 *(.gnu.version_r)

.rel.init
 *(.rel.init)

.rela.init
 *(.rela.init)

.rel.text
 *(.rel.text)
 *(.rel.text.*)
 *(.rel.gnu.linkonce.t*)

.rela.text
 *(.rela.text)
 *(.rela.text.*)
 *(.rela.gnu.linkonce.t*)

.rel.fini
 *(.rel.fini)

.rela.fini
 *(.rela.fini)

.rel.rodata
 *(.rel.rodata)
 *(.rel.rodata.*)
 *(.rel.gnu.linkonce.r*)

.rela.rodata
 *(.rela.rodata)
 *(.rela.rodata.*)
 *(.rela.gnu.linkonce.r*)

.rel.data
 *(.rel.data)
 *(.rel.data.*)
 *(.rel.gnu.linkonce.d*)

.rela.data
 *(.rela.data)
 *(.rela.data.*)
 *(.rela.gnu.linkonce.d*)

.rel.ctors
 *(.rel.ctors)

.rela.ctors
 *(.rela.ctors)

.rel.dtors
 *(.rel.dtors)

.rela.dtors
 *(.rela.dtors)

.rel.got
 *(.rel.got)

.rela.got
 *(.rela.got)

.rel.bss
 *(.rel.bss)

.rela.bss
 *(.rela.bss)

.rel.plt
 *(.rel.plt)

.rela.plt
 *(.rela.plt)

.text           0x00000000     0x473a
 *(.vectors)
 .vectors       0x00000000       0x54 d:/es_diploma/tools/imt_sdk_win_64/winavr/bin/../lib/gcc/avr/4.3.3/../../../../avr/lib/avr5/crtm32.o
                0x00000000                __vectors
                0x00000000                __vector_default
 *(.vectors)
 *(.progmem.gcc*)
 *(.progmem*)
                0x00000054                . = ALIGN (0x2)
                0x00000054                __trampolines_start = .
 *(.trampolines)
 .trampolines   0x00000054        0x0 linker stubs
 *(.trampolines*)
                0x00000054                __trampolines_end = .
 *(.jumptables)
 *(.jumptables*)
 *(.lowtext)
 *(.lowtext*)
                0x00000054                __ctors_start = .
 *(.ctors)
                0x00000054                __ctors_end = .
                0x00000054                __dtors_start = .
 *(.dtors)
                0x00000054                __dtors_end = .
 SORT(*)(.ctors)
 SORT(*)(.dtors)
 *(.init0)
 .init0         0x00000054        0x0 d:/es_diploma/tools/imt_sdk_win_64/winavr/bin/../lib/gcc/avr/4.3.3/../../../../avr/lib/avr5/crtm32.o
                0x00000054                __init
 *(.init0)
 *(.init1)
 *(.init1)
 *(.init2)
 .init2         0x00000054        0xc d:/es_diploma/tools/imt_sdk_win_64/winavr/bin/../lib/gcc/avr/4.3.3/../../../../avr/lib/avr5/crtm32.o
 *(.init2)
 *(.init3)
 *(.init3)
 *(.init4)
 .init4         0x00000060       0x16 d:/es_diploma/tools/imt_sdk_win_64/winavr/bin/../lib/gcc/avr/4.3.3/avr5\libgcc.a(_copy_data.o)
                0x00000060                __do_copy_data
 .init4         0x00000076       0x10 d:/es_diploma/tools/imt_sdk_win_64/winavr/bin/../lib/gcc/avr/4.3.3/avr5\libgcc.a(_clear_bss.o)
                0x00000076                __do_clear_bss
 *(.init4)
 *(.init5)
 *(.init5)
 *(.init6)
 *(.init6)
 *(.init7)
 *(.init7)
 *(.init8)
 *(.init8)
 *(.init9)
 .init9         0x00000086        0x8 d:/es_diploma/tools/imt_sdk_win_64/winavr/bin/../lib/gcc/avr/4.3.3/../../../../avr/lib/avr5/crtm32.o
 *(.init9)
 *(.text)
 .text          0x0000008e        0x4 d:/es_diploma/tools/imt_sdk_win_64/winavr/bin/../lib/gcc/avr/4.3.3/../../../../avr/lib/avr5/crtm32.o
                0x0000008e                __vector_12
                0x0000008e                __bad_interrupt
                0x0000008e                __vector_13
                0x0000008e                __vector_17
                0x0000008e                __vector_19
                0x0000008e                __vector_7
                0x0000008e                __vector_9
                0x0000008e                __vector_15
                0x0000008e                __vector_8
                0x0000008e                __vector_14
                0x0000008e                __vector_16
                0x0000008e                __vector_18
                0x0000008e                __vector_20
 .text          0x00000092        0x0 ./OS/OS_program.o
 .text          0x00000092        0x0 ./MCAL/WDT/src/WDT_program.o
 .text          0x00000092        0x0 ./MCAL/TIMERS/TIMER2/src/TMR2_program.o
 .text          0x00000092        0x0 ./MCAL/TIMERS/TIMER1/src/TMR1_program.o
 .text          0x00000092        0x0 ./MCAL/TIMERS/TIMER0/src/TMR0_program.o
 .text          0x00000092        0x0 ./MCAL/PORT/PORT.o
 .text          0x00000092        0x0 ./MCAL/PORT/PORT_cnf.o
 .text          0x00000092        0x0 ./MCAL/HICU/src/HICU_program.o
 .text          0x00000092        0x0 ./MCAL/GI/GI_program.o
 .text          0x00000092        0x0 ./MCAL/EXTI/src/EXTI_program.o
 .text          0x00000092        0x0 ./MCAL/DIO/DIO_program.o
 .text          0x00000092        0x0 ./HAL/LCD/LCD.o
 .text          0x00000092        0x0 ./main.o
 .text          0x00000092        0x0 d:/es_diploma/tools/imt_sdk_win_64/winavr/bin/../lib/gcc/avr/4.3.3/avr5\libgcc.a(_mulsi3.o)
 .text          0x00000092        0x0 d:/es_diploma/tools/imt_sdk_win_64/winavr/bin/../lib/gcc/avr/4.3.3/avr5\libgcc.a(_udivmodhi4.o)
 .text          0x00000092        0x0 d:/es_diploma/tools/imt_sdk_win_64/winavr/bin/../lib/gcc/avr/4.3.3/avr5\libgcc.a(_udivmodsi4.o)
 .text          0x00000092        0x0 d:/es_diploma/tools/imt_sdk_win_64/winavr/bin/../lib/gcc/avr/4.3.3/avr5\libgcc.a(_exit.o)
 .text          0x00000092        0x0 d:/es_diploma/tools/imt_sdk_win_64/winavr/bin/../lib/gcc/avr/4.3.3/avr5\libgcc.a(_copy_data.o)
 .text          0x00000092        0x0 d:/es_diploma/tools/imt_sdk_win_64/winavr/bin/../lib/gcc/avr/4.3.3/avr5\libgcc.a(_clear_bss.o)
 .text          0x00000092       0x58 d:/es_diploma/tools/imt_sdk_win_64/winavr/bin/../lib/gcc/avr/4.3.3/avr5\libgcc.a(_fixunssfsi.o)
                0x00000092                __fixunssfsi
 .text          0x000000ea      0x354 d:/es_diploma/tools/imt_sdk_win_64/winavr/bin/../lib/gcc/avr/4.3.3/avr5\libgcc.a(_addsub_sf.o)
                0x00000382                __subsf3
                0x000003e4                __addsf3
 .text          0x0000043e      0x1f4 d:/es_diploma/tools/imt_sdk_win_64/winavr/bin/../lib/gcc/avr/4.3.3/avr5\libgcc.a(_mul_sf.o)
                0x0000043e                __mulsf3
 .text          0x00000632      0x158 d:/es_diploma/tools/imt_sdk_win_64/winavr/bin/../lib/gcc/avr/4.3.3/avr5\libgcc.a(_div_sf.o)
                0x00000632                __divsf3
 .text          0x0000078a       0x60 d:/es_diploma/tools/imt_sdk_win_64/winavr/bin/../lib/gcc/avr/4.3.3/avr5\libgcc.a(_eq_sf.o)
                0x0000078a                __eqsf2
 .text          0x000007ea       0x60 d:/es_diploma/tools/imt_sdk_win_64/winavr/bin/../lib/gcc/avr/4.3.3/avr5\libgcc.a(_gt_sf.o)
                0x000007ea                __gtsf2
 .text          0x0000084a       0x60 d:/es_diploma/tools/imt_sdk_win_64/winavr/bin/../lib/gcc/avr/4.3.3/avr5\libgcc.a(_ge_sf.o)
                0x0000084a                __gesf2
 .text          0x000008aa       0x60 d:/es_diploma/tools/imt_sdk_win_64/winavr/bin/../lib/gcc/avr/4.3.3/avr5\libgcc.a(_lt_sf.o)
                0x000008aa                __ltsf2
 .text          0x0000090a       0x60 d:/es_diploma/tools/imt_sdk_win_64/winavr/bin/../lib/gcc/avr/4.3.3/avr5\libgcc.a(_le_sf.o)
                0x0000090a                __lesf2
 .text          0x0000096a       0xa8 d:/es_diploma/tools/imt_sdk_win_64/winavr/bin/../lib/gcc/avr/4.3.3/avr5\libgcc.a(_sf_to_si.o)
                0x0000096a                __fixsfsi
 .text          0x00000a12        0x0 d:/es_diploma/tools/imt_sdk_win_64/winavr/bin/../lib/gcc/avr/4.3.3/avr5\libgcc.a(_thenan_sf.o)
 .text          0x00000a12       0xf2 d:/es_diploma/tools/imt_sdk_win_64/winavr/bin/../lib/gcc/avr/4.3.3/avr5\libgcc.a(_usi_to_sf.o)
                0x00000a12                __floatunsisf
 .text          0x00000b04        0x0 d:/es_diploma/tools/imt_sdk_win_64/winavr/bin/../lib/gcc/avr/4.3.3/avr5\libgcc.a(_prologue.o)
 .text          0x00000b04        0x0 d:/es_diploma/tools/imt_sdk_win_64/winavr/bin/../lib/gcc/avr/4.3.3/avr5\libgcc.a(_epilogue.o)
 .text          0x00000b04       0x9e d:/es_diploma/tools/imt_sdk_win_64/winavr/bin/../lib/gcc/avr/4.3.3/avr5\libgcc.a(_clzsi2.o)
                0x00000b04                __clzsi2
 .text          0x00000ba2      0x1aa d:/es_diploma/tools/imt_sdk_win_64/winavr/bin/../lib/gcc/avr/4.3.3/avr5\libgcc.a(_pack_sf.o)
                0x00000ba2                __pack_f
 .text          0x00000d4c       0xf0 d:/es_diploma/tools/imt_sdk_win_64/winavr/bin/../lib/gcc/avr/4.3.3/avr5\libgcc.a(_unpack_sf.o)
                0x00000d4c                __unpack_f
 .text          0x00000e3c       0xb2 d:/es_diploma/tools/imt_sdk_win_64/winavr/bin/../lib/gcc/avr/4.3.3/avr5\libgcc.a(_fpcmp_parts_sf.o)
                0x00000e3c                __fpcmp_parts_f
 .text          0x00000eee        0x0 d:/es_diploma/tools/imt_sdk_win_64/winavr/bin/../lib/gcc/avr/4.3.3/avr5\libgcc.a(_clz.o)
                0x00000eee                . = ALIGN (0x2)
 *(.text.*)
 .text.Scheduler
                0x00000eee      0x1a0 ./OS/OS_program.o
                0x00000eee                Scheduler
 .text.OS_voidCreateTask
                0x0000108e      0x1ee ./OS/OS_program.o
                0x0000108e                OS_voidCreateTask
 .text.OS_voidDeleteTask
                0x0000127c       0x54 ./OS/OS_program.o
                0x0000127c                OS_voidDeleteTask
 .text.OS_voidSuspendTask
                0x000012d0       0x9a ./OS/OS_program.o
                0x000012d0                OS_voidSuspendTask
 .text.OS_voidStartScheduler
                0x0000136a       0x1e ./OS/OS_program.o
                0x0000136a                OS_voidStartScheduler
 .text.OS_voidResumeTask
                0x00001388       0x54 ./OS/OS_program.o
                0x00001388                OS_voidResumeTask
 .text.OS_u8GetTaskState
                0x000013dc       0x44 ./OS/OS_program.o
                0x000013dc                OS_u8GetTaskState
 .text.WDT_voidEnable
                0x00001420      0x1fa ./MCAL/WDT/src/WDT_program.o
                0x00001420                WDT_voidEnable
 .text.WDT_voidDisable
                0x0000161a       0x1c ./MCAL/WDT/src/WDT_program.o
                0x0000161a                WDT_voidDisable
 .text.TMR2_voidSetDelay_ms_usingCTC
                0x00001636       0x3a ./MCAL/TIMERS/TIMER2/src/TMR2_program.o
                0x00001636                TMR2_voidSetDelay_ms_usingCTC
 .text.TMR2_voidSetDutyCycleForPWM
                0x00001670       0x14 ./MCAL/TIMERS/TIMER2/src/TMR2_program.o
                0x00001670                TMR2_voidSetDutyCycleForPWM
 .text.TMR2_voidInit
                0x00001684       0x3e ./MCAL/TIMERS/TIMER2/src/TMR2_program.o
                0x00001684                TMR2_voidInit
 .text.TMR2_voidStart
                0x000016c2       0x38 ./MCAL/TIMERS/TIMER2/src/TMR2_program.o
                0x000016c2                TMR2_voidStart
 .text.TMR2_voidStop
                0x000016fa       0x38 ./MCAL/TIMERS/TIMER2/src/TMR2_program.o
                0x000016fa                TMR2_voidStop
 .text.TMR2_voidSetCallBackOVF
                0x00001732       0x2c ./MCAL/TIMERS/TIMER2/src/TMR2_program.o
                0x00001732                TMR2_voidSetCallBackOVF
 .text.TMR2_voidSetCallBackCTC
                0x0000175e       0x2c ./MCAL/TIMERS/TIMER2/src/TMR2_program.o
                0x0000175e                TMR2_voidSetCallBackCTC
 .text.__vector_5
                0x0000178a       0x94 ./MCAL/TIMERS/TIMER2/src/TMR2_program.o
                0x0000178a                __vector_5
 .text.__vector_4
                0x0000181e       0xc6 ./MCAL/TIMERS/TIMER2/src/TMR2_program.o
                0x0000181e                __vector_4
 .text.TMR2_voidSetCompareMatchValue
                0x000018e4       0x1c ./MCAL/TIMERS/TIMER2/src/TMR2_program.o
                0x000018e4                TMR2_voidSetCompareMatchValue
 .text.TMR1_voidSetFrequencyMode14FastPWM
                0x00001900       0x4a ./MCAL/TIMERS/TIMER1/src/TMR1_program.o
                0x00001900                TMR1_voidSetFrequencyMode14FastPWM
 .text.TMR1_voidSetDutyCycleMode14FastPWM
                0x0000194a       0xd4 ./MCAL/TIMERS/TIMER1/src/TMR1_program.o
                0x0000194a                TMR1_voidSetDutyCycleMode14FastPWM
 .text.TMR1_voidInit
                0x00001a1e       0x62 ./MCAL/TIMERS/TIMER1/src/TMR1_program.o
                0x00001a1e                TMR1_voidInit
 .text.TMR1_voidSetCompareMatchValueA
                0x00001a80       0x24 ./MCAL/TIMERS/TIMER1/src/TMR1_program.o
                0x00001a80                TMR1_voidSetCompareMatchValueA
 .text.TMR1_voidStart
                0x00001aa4       0x38 ./MCAL/TIMERS/TIMER1/src/TMR1_program.o
                0x00001aa4                TMR1_voidStart
 .text.TMR1_voidStop
                0x00001adc       0x38 ./MCAL/TIMERS/TIMER1/src/TMR1_program.o
                0x00001adc                TMR1_voidStop
 .text.TMR0_voidSetDelay_ms_usingCTC
                0x00001b14       0x3a ./MCAL/TIMERS/TIMER0/src/TMR0_program.o
                0x00001b14                TMR0_voidSetDelay_ms_usingCTC
 .text.TMR0_voidSetDutyCycleForPWM
                0x00001b4e       0x4e ./MCAL/TIMERS/TIMER0/src/TMR0_program.o
                0x00001b4e                TMR0_voidSetDutyCycleForPWM
 .text.TMR0_voidInit
                0x00001b9c       0x46 ./MCAL/TIMERS/TIMER0/src/TMR0_program.o
                0x00001b9c                TMR0_voidInit
 .text.TMR0_voidStart
                0x00001be2       0x38 ./MCAL/TIMERS/TIMER0/src/TMR0_program.o
                0x00001be2                TMR0_voidStart
 .text.TMR0_voidStop
                0x00001c1a       0x38 ./MCAL/TIMERS/TIMER0/src/TMR0_program.o
                0x00001c1a                TMR0_voidStop
 .text.TMR0_voidSetCallBackOVF
                0x00001c52       0x2c ./MCAL/TIMERS/TIMER0/src/TMR0_program.o
                0x00001c52                TMR0_voidSetCallBackOVF
 .text.TMR0_voidSetCallBackCTC
                0x00001c7e       0x2c ./MCAL/TIMERS/TIMER0/src/TMR0_program.o
                0x00001c7e                TMR0_voidSetCallBackCTC
 .text.__vector_11
                0x00001caa       0x98 ./MCAL/TIMERS/TIMER0/src/TMR0_program.o
                0x00001caa                __vector_11
 .text.__vector_10
                0x00001d42       0xc6 ./MCAL/TIMERS/TIMER0/src/TMR0_program.o
                0x00001d42                __vector_10
 .text.TMR0_voidSetCompareMatchValue
                0x00001e08       0x1c ./MCAL/TIMERS/TIMER0/src/TMR0_program.o
                0x00001e08                TMR0_voidSetCompareMatchValue
 .text.Port_Init
                0x00001e24      0x40e ./MCAL/PORT/PORT.o
                0x00001e24                Port_Init
 .text.ICU_voidInit
                0x00002232       0x8c ./MCAL/HICU/src/HICU_program.o
                0x00002232                ICU_voidInit
 .text.ICU_voidGetDutyCycle
                0x000022be       0xa6 ./MCAL/HICU/src/HICU_program.o
                0x000022be                ICU_voidGetDutyCycle
 .text.ICU_voidGetFrequency
                0x00002364       0x5a ./MCAL/HICU/src/HICU_program.o
                0x00002364                ICU_voidGetFrequency
 .text.__vector_6
                0x000023be       0xf2 ./MCAL/HICU/src/HICU_program.o
                0x000023be                __vector_6
 .text.GI_voidEnable
                0x000024b0       0x1c ./MCAL/GI/GI_program.o
                0x000024b0                GI_voidEnable
 .text.GI_voidDisable
                0x000024cc       0x1c ./MCAL/GI/GI_program.o
                0x000024cc                GI_voidDisable
 .text.EXTI_voidInit
                0x000024e8      0x1bc ./MCAL/EXTI/src/EXTI_program.o
                0x000024e8                EXTI_voidInit
 .text.EXTI_voidEnable
                0x000026a4       0x6e ./MCAL/EXTI/src/EXTI_program.o
                0x000026a4                EXTI_voidEnable
 .text.EXTI_voidDisable
                0x00002712       0x6e ./MCAL/EXTI/src/EXTI_program.o
                0x00002712                EXTI_voidDisable
 .text.EXTRI_voidSetCallBackINT
                0x00002780       0x7a ./MCAL/EXTI/src/EXTI_program.o
                0x00002780                EXTRI_voidSetCallBackINT
 .text.__vector_1
                0x000027fa       0x66 ./MCAL/EXTI/src/EXTI_program.o
                0x000027fa                __vector_1
 .text.__vector_2
                0x00002860       0x66 ./MCAL/EXTI/src/EXTI_program.o
                0x00002860                __vector_2
 .text.__vector_3
                0x000028c6       0x66 ./MCAL/EXTI/src/EXTI_program.o
                0x000028c6                __vector_3
 .text.Dio_WriteChannel
                0x0000292c      0x1f2 ./MCAL/DIO/DIO_program.o
                0x0000292c                Dio_WriteChannel
 .text.Dio_ReadChannel
                0x00002b1e      0x108 ./MCAL/DIO/DIO_program.o
                0x00002b1e                Dio_ReadChannel
 .text.Dio_FlipChannel
                0x00002c26      0x1a6 ./MCAL/DIO/DIO_program.o
                0x00002c26                Dio_FlipChannel
 .text.Dio_WritePort
                0x00002dcc       0x82 ./MCAL/DIO/DIO_program.o
                0x00002dcc                Dio_WritePort
 .text.Lcd_SendCMD
                0x00002e4e      0x828 ./HAL/LCD/LCD.o
                0x00002e4e                Lcd_SendCMD
 .text.Lcd_SendData
                0x00003676      0x828 ./HAL/LCD/LCD.o
                0x00003676                Lcd_SendData
 .text.Lcd_GoTo
                0x00003e9e       0x8a ./HAL/LCD/LCD.o
                0x00003e9e                Lcd_GoTo
 .text.Lcd_PutChar
                0x00003f28       0x1a ./HAL/LCD/LCD.o
                0x00003f28                Lcd_PutChar
 .text.Lcd_PutInt
                0x00003f42       0x78 ./HAL/LCD/LCD.o
                0x00003f42                Lcd_PutInt
 .text.Lcd_Init
                0x00003fba      0x4f6 ./HAL/LCD/LCD.o
                0x00003fba                Lcd_Init
 .text.Lcd_Clear
                0x000044b0       0x14 ./HAL/LCD/LCD.o
                0x000044b0                Lcd_Clear
 .text.Lcd_PutString
                0x000044c4       0x38 ./HAL/LCD/LCD.o
                0x000044c4                Lcd_PutString
 .text.lcd4_disply_char_at_X_Y
                0x000044fc       0x2c ./HAL/LCD/LCD.o
                0x000044fc                lcd4_disply_char_at_X_Y
 .text.Lcd_PutString_x_Y
                0x00004528       0x32 ./HAL/LCD/LCD.o
                0x00004528                Lcd_PutString_x_Y
 .text.LED4     0x0000455a       0x14 ./main.o
                0x0000455a                LED4
 .text.LED5     0x0000456e       0x14 ./main.o
                0x0000456e                LED5
 .text.LED6     0x00004582       0x14 ./main.o
                0x00004582                LED6
 .text.LED7     0x00004596       0x14 ./main.o
                0x00004596                LED7
 .text.HW_Init  0x000045aa       0x1a ./main.o
                0x000045aa                HW_Init
 .text.main     0x000045c4       0x5a ./main.o
                0x000045c4                main
 .text.libgcc   0x0000461e       0x3e d:/es_diploma/tools/imt_sdk_win_64/winavr/bin/../lib/gcc/avr/4.3.3/avr5\libgcc.a(_mulsi3.o)
                0x0000461e                __mulsi3
 .text.libgcc   0x0000465c       0x28 d:/es_diploma/tools/imt_sdk_win_64/winavr/bin/../lib/gcc/avr/4.3.3/avr5\libgcc.a(_udivmodhi4.o)
                0x0000465c                __udivmodhi4
 .text.libgcc   0x00004684       0x44 d:/es_diploma/tools/imt_sdk_win_64/winavr/bin/../lib/gcc/avr/4.3.3/avr5\libgcc.a(_udivmodsi4.o)
                0x00004684                __udivmodsi4
 .text.libgcc   0x000046c8        0x0 d:/es_diploma/tools/imt_sdk_win_64/winavr/bin/../lib/gcc/avr/4.3.3/avr5\libgcc.a(_exit.o)
 .text.libgcc   0x000046c8        0x0 d:/es_diploma/tools/imt_sdk_win_64/winavr/bin/../lib/gcc/avr/4.3.3/avr5\libgcc.a(_copy_data.o)
 .text.libgcc   0x000046c8        0x0 d:/es_diploma/tools/imt_sdk_win_64/winavr/bin/../lib/gcc/avr/4.3.3/avr5\libgcc.a(_clear_bss.o)
 .text.libgcc   0x000046c8       0x38 d:/es_diploma/tools/imt_sdk_win_64/winavr/bin/../lib/gcc/avr/4.3.3/avr5\libgcc.a(_prologue.o)
                0x000046c8                __prologue_saves__
 .text.libgcc   0x00004700       0x36 d:/es_diploma/tools/imt_sdk_win_64/winavr/bin/../lib/gcc/avr/4.3.3/avr5\libgcc.a(_epilogue.o)
                0x00004700                __epilogue_restores__
                0x00004736                . = ALIGN (0x2)
 *(.fini9)
 .fini9         0x00004736        0x0 d:/es_diploma/tools/imt_sdk_win_64/winavr/bin/../lib/gcc/avr/4.3.3/avr5\libgcc.a(_exit.o)
                0x00004736                exit
                0x00004736                _exit
 *(.fini9)
 *(.fini8)
 *(.fini8)
 *(.fini7)
 *(.fini7)
 *(.fini6)
 *(.fini6)
 *(.fini5)
 *(.fini5)
 *(.fini4)
 *(.fini4)
 *(.fini3)
 *(.fini3)
 *(.fini2)
 *(.fini2)
 *(.fini1)
 *(.fini1)
 *(.fini0)
 .fini0         0x00004736        0x4 d:/es_diploma/tools/imt_sdk_win_64/winavr/bin/../lib/gcc/avr/4.3.3/avr5\libgcc.a(_exit.o)
 *(.fini0)
                0x0000473a                _etext = .

.data           0x00800060      0x182 load address 0x0000473a
                0x00800060                PROVIDE (__data_start, .)
 *(.data)
 .data          0x00800060        0x0 d:/es_diploma/tools/imt_sdk_win_64/winavr/bin/../lib/gcc/avr/4.3.3/../../../../avr/lib/avr5/crtm32.o
 .data          0x00800060        0x0 ./OS/OS_program.o
 .data          0x00800060        0x0 ./MCAL/WDT/src/WDT_program.o
 .data          0x00800060        0x0 ./MCAL/TIMERS/TIMER2/src/TMR2_program.o
 .data          0x00800060        0x0 ./MCAL/TIMERS/TIMER1/src/TMR1_program.o
 .data          0x00800060        0x0 ./MCAL/TIMERS/TIMER0/src/TMR0_program.o
 .data          0x00800060        0x0 ./MCAL/PORT/PORT.o
 .data          0x00800060        0x0 ./MCAL/PORT/PORT_cnf.o
 .data          0x00800060       0x15 ./MCAL/HICU/src/HICU_program.o
 .data          0x00800075        0x0 ./MCAL/GI/GI_program.o
 .data          0x00800075        0x0 ./MCAL/EXTI/src/EXTI_program.o
 .data          0x00800075        0x0 ./MCAL/DIO/DIO_program.o
 .data          0x00800075        0x0 ./HAL/LCD/LCD.o
 .data          0x00800075        0x0 ./main.o
 .data          0x00800075        0x0 d:/es_diploma/tools/imt_sdk_win_64/winavr/bin/../lib/gcc/avr/4.3.3/avr5\libgcc.a(_mulsi3.o)
 .data          0x00800075        0x0 d:/es_diploma/tools/imt_sdk_win_64/winavr/bin/../lib/gcc/avr/4.3.3/avr5\libgcc.a(_udivmodhi4.o)
 .data          0x00800075        0x0 d:/es_diploma/tools/imt_sdk_win_64/winavr/bin/../lib/gcc/avr/4.3.3/avr5\libgcc.a(_udivmodsi4.o)
 .data          0x00800075        0x0 d:/es_diploma/tools/imt_sdk_win_64/winavr/bin/../lib/gcc/avr/4.3.3/avr5\libgcc.a(_exit.o)
 .data          0x00800075        0x0 d:/es_diploma/tools/imt_sdk_win_64/winavr/bin/../lib/gcc/avr/4.3.3/avr5\libgcc.a(_copy_data.o)
 .data          0x00800075        0x0 d:/es_diploma/tools/imt_sdk_win_64/winavr/bin/../lib/gcc/avr/4.3.3/avr5\libgcc.a(_clear_bss.o)
 .data          0x00800075        0x0 d:/es_diploma/tools/imt_sdk_win_64/winavr/bin/../lib/gcc/avr/4.3.3/avr5\libgcc.a(_fixunssfsi.o)
 .data          0x00800075        0x0 d:/es_diploma/tools/imt_sdk_win_64/winavr/bin/../lib/gcc/avr/4.3.3/avr5\libgcc.a(_addsub_sf.o)
 .data          0x00800075        0x0 d:/es_diploma/tools/imt_sdk_win_64/winavr/bin/../lib/gcc/avr/4.3.3/avr5\libgcc.a(_mul_sf.o)
 .data          0x00800075        0x0 d:/es_diploma/tools/imt_sdk_win_64/winavr/bin/../lib/gcc/avr/4.3.3/avr5\libgcc.a(_div_sf.o)
 .data          0x00800075        0x0 d:/es_diploma/tools/imt_sdk_win_64/winavr/bin/../lib/gcc/avr/4.3.3/avr5\libgcc.a(_eq_sf.o)
 .data          0x00800075        0x0 d:/es_diploma/tools/imt_sdk_win_64/winavr/bin/../lib/gcc/avr/4.3.3/avr5\libgcc.a(_gt_sf.o)
 .data          0x00800075        0x0 d:/es_diploma/tools/imt_sdk_win_64/winavr/bin/../lib/gcc/avr/4.3.3/avr5\libgcc.a(_ge_sf.o)
 .data          0x00800075        0x0 d:/es_diploma/tools/imt_sdk_win_64/winavr/bin/../lib/gcc/avr/4.3.3/avr5\libgcc.a(_lt_sf.o)
 .data          0x00800075        0x0 d:/es_diploma/tools/imt_sdk_win_64/winavr/bin/../lib/gcc/avr/4.3.3/avr5\libgcc.a(_le_sf.o)
 .data          0x00800075        0x0 d:/es_diploma/tools/imt_sdk_win_64/winavr/bin/../lib/gcc/avr/4.3.3/avr5\libgcc.a(_sf_to_si.o)
 .data          0x00800075        0x8 d:/es_diploma/tools/imt_sdk_win_64/winavr/bin/../lib/gcc/avr/4.3.3/avr5\libgcc.a(_thenan_sf.o)
                0x00800075                __thenan_sf
 .data          0x0080007d        0x0 d:/es_diploma/tools/imt_sdk_win_64/winavr/bin/../lib/gcc/avr/4.3.3/avr5\libgcc.a(_usi_to_sf.o)
 .data          0x0080007d        0x0 d:/es_diploma/tools/imt_sdk_win_64/winavr/bin/../lib/gcc/avr/4.3.3/avr5\libgcc.a(_prologue.o)
 .data          0x0080007d        0x0 d:/es_diploma/tools/imt_sdk_win_64/winavr/bin/../lib/gcc/avr/4.3.3/avr5\libgcc.a(_epilogue.o)
 .data          0x0080007d        0x0 d:/es_diploma/tools/imt_sdk_win_64/winavr/bin/../lib/gcc/avr/4.3.3/avr5\libgcc.a(_clzsi2.o)
 .data          0x0080007d        0x0 d:/es_diploma/tools/imt_sdk_win_64/winavr/bin/../lib/gcc/avr/4.3.3/avr5\libgcc.a(_pack_sf.o)
 .data          0x0080007d        0x0 d:/es_diploma/tools/imt_sdk_win_64/winavr/bin/../lib/gcc/avr/4.3.3/avr5\libgcc.a(_unpack_sf.o)
 .data          0x0080007d        0x0 d:/es_diploma/tools/imt_sdk_win_64/winavr/bin/../lib/gcc/avr/4.3.3/avr5\libgcc.a(_fpcmp_parts_sf.o)
 .data          0x0080007d      0x100 d:/es_diploma/tools/imt_sdk_win_64/winavr/bin/../lib/gcc/avr/4.3.3/avr5\libgcc.a(_clz.o)
                0x0080007d                __clz_tab
 *(.data*)
 .data.pin_cfg  0x0080017d       0x63 ./MCAL/PORT/PORT_cnf.o
                0x0080017d                pin_cfg
 .data.Local_u8EdgeFlag.1269
                0x008001e0        0x1 ./MCAL/HICU/src/HICU_program.o
 *(.rodata)
 *(.rodata*)
 *(.gnu.linkonce.d*)
                0x008001e2                . = ALIGN (0x2)
 *fill*         0x008001e1        0x1 00
                0x008001e2                _edata = .
                0x008001e2                PROVIDE (__data_end, .)

.bss            0x008001e2       0x4f
                0x008001e2                PROVIDE (__bss_start, .)
 *(.bss)
 .bss           0x008001e2        0x0 d:/es_diploma/tools/imt_sdk_win_64/winavr/bin/../lib/gcc/avr/4.3.3/../../../../avr/lib/avr5/crtm32.o
 .bss           0x008001e2        0x0 ./OS/OS_program.o
 .bss           0x008001e2        0x0 ./MCAL/WDT/src/WDT_program.o
 .bss           0x008001e2        0x0 ./MCAL/TIMERS/TIMER2/src/TMR2_program.o
 .bss           0x008001e2        0x0 ./MCAL/TIMERS/TIMER1/src/TMR1_program.o
 .bss           0x008001e2        0x0 ./MCAL/TIMERS/TIMER0/src/TMR0_program.o
 .bss           0x008001e2        0x0 ./MCAL/PORT/PORT.o
 .bss           0x008001e2        0x0 ./MCAL/PORT/PORT_cnf.o
 .bss           0x008001e2        0x0 ./MCAL/HICU/src/HICU_program.o
 .bss           0x008001e2        0x0 ./MCAL/GI/GI_program.o
 .bss           0x008001e2        0x0 ./MCAL/EXTI/src/EXTI_program.o
 .bss           0x008001e2        0x0 ./MCAL/DIO/DIO_program.o
 .bss           0x008001e2        0x0 ./HAL/LCD/LCD.o
 .bss           0x008001e2        0x0 ./main.o
 .bss           0x008001e2        0x0 d:/es_diploma/tools/imt_sdk_win_64/winavr/bin/../lib/gcc/avr/4.3.3/avr5\libgcc.a(_mulsi3.o)
 .bss           0x008001e2        0x0 d:/es_diploma/tools/imt_sdk_win_64/winavr/bin/../lib/gcc/avr/4.3.3/avr5\libgcc.a(_udivmodhi4.o)
 .bss           0x008001e2        0x0 d:/es_diploma/tools/imt_sdk_win_64/winavr/bin/../lib/gcc/avr/4.3.3/avr5\libgcc.a(_udivmodsi4.o)
 .bss           0x008001e2        0x0 d:/es_diploma/tools/imt_sdk_win_64/winavr/bin/../lib/gcc/avr/4.3.3/avr5\libgcc.a(_exit.o)
 .bss           0x008001e2        0x0 d:/es_diploma/tools/imt_sdk_win_64/winavr/bin/../lib/gcc/avr/4.3.3/avr5\libgcc.a(_copy_data.o)
 .bss           0x008001e2        0x0 d:/es_diploma/tools/imt_sdk_win_64/winavr/bin/../lib/gcc/avr/4.3.3/avr5\libgcc.a(_clear_bss.o)
 .bss           0x008001e2        0x0 d:/es_diploma/tools/imt_sdk_win_64/winavr/bin/../lib/gcc/avr/4.3.3/avr5\libgcc.a(_fixunssfsi.o)
 .bss           0x008001e2        0x0 d:/es_diploma/tools/imt_sdk_win_64/winavr/bin/../lib/gcc/avr/4.3.3/avr5\libgcc.a(_addsub_sf.o)
 .bss           0x008001e2        0x0 d:/es_diploma/tools/imt_sdk_win_64/winavr/bin/../lib/gcc/avr/4.3.3/avr5\libgcc.a(_mul_sf.o)
 .bss           0x008001e2        0x0 d:/es_diploma/tools/imt_sdk_win_64/winavr/bin/../lib/gcc/avr/4.3.3/avr5\libgcc.a(_div_sf.o)
 .bss           0x008001e2        0x0 d:/es_diploma/tools/imt_sdk_win_64/winavr/bin/../lib/gcc/avr/4.3.3/avr5\libgcc.a(_eq_sf.o)
 .bss           0x008001e2        0x0 d:/es_diploma/tools/imt_sdk_win_64/winavr/bin/../lib/gcc/avr/4.3.3/avr5\libgcc.a(_gt_sf.o)
 .bss           0x008001e2        0x0 d:/es_diploma/tools/imt_sdk_win_64/winavr/bin/../lib/gcc/avr/4.3.3/avr5\libgcc.a(_ge_sf.o)
 .bss           0x008001e2        0x0 d:/es_diploma/tools/imt_sdk_win_64/winavr/bin/../lib/gcc/avr/4.3.3/avr5\libgcc.a(_lt_sf.o)
 .bss           0x008001e2        0x0 d:/es_diploma/tools/imt_sdk_win_64/winavr/bin/../lib/gcc/avr/4.3.3/avr5\libgcc.a(_le_sf.o)
 .bss           0x008001e2        0x0 d:/es_diploma/tools/imt_sdk_win_64/winavr/bin/../lib/gcc/avr/4.3.3/avr5\libgcc.a(_sf_to_si.o)
 .bss           0x008001e2        0x0 d:/es_diploma/tools/imt_sdk_win_64/winavr/bin/../lib/gcc/avr/4.3.3/avr5\libgcc.a(_thenan_sf.o)
 .bss           0x008001e2        0x0 d:/es_diploma/tools/imt_sdk_win_64/winavr/bin/../lib/gcc/avr/4.3.3/avr5\libgcc.a(_usi_to_sf.o)
 .bss           0x008001e2        0x0 d:/es_diploma/tools/imt_sdk_win_64/winavr/bin/../lib/gcc/avr/4.3.3/avr5\libgcc.a(_prologue.o)
 .bss           0x008001e2        0x0 d:/es_diploma/tools/imt_sdk_win_64/winavr/bin/../lib/gcc/avr/4.3.3/avr5\libgcc.a(_epilogue.o)
 .bss           0x008001e2        0x0 d:/es_diploma/tools/imt_sdk_win_64/winavr/bin/../lib/gcc/avr/4.3.3/avr5\libgcc.a(_clzsi2.o)
 .bss           0x008001e2        0x0 d:/es_diploma/tools/imt_sdk_win_64/winavr/bin/../lib/gcc/avr/4.3.3/avr5\libgcc.a(_pack_sf.o)
 .bss           0x008001e2        0x0 d:/es_diploma/tools/imt_sdk_win_64/winavr/bin/../lib/gcc/avr/4.3.3/avr5\libgcc.a(_unpack_sf.o)
 .bss           0x008001e2        0x0 d:/es_diploma/tools/imt_sdk_win_64/winavr/bin/../lib/gcc/avr/4.3.3/avr5\libgcc.a(_fpcmp_parts_sf.o)
 .bss           0x008001e2        0x0 d:/es_diploma/tools/imt_sdk_win_64/winavr/bin/../lib/gcc/avr/4.3.3/avr5\libgcc.a(_clz.o)
 *(.bss*)
 .bss.TickCount
                0x008001e2        0x4 ./OS/OS_program.o
                0x008001e2                TickCount
 .bss.Tasks_Init.1281
                0x008001e6        0x1 ./OS/OS_program.o
 .bss.TMR2_privatePtrToCAllBackOVF
                0x008001e7        0x2 ./MCAL/TIMERS/TIMER2/src/TMR2_program.o
 .bss.TMR2_privatePtrToCAllBackCTC
                0x008001e9        0x2 ./MCAL/TIMERS/TIMER2/src/TMR2_program.o
 .bss.local_u16ovCounter.1280
                0x008001eb        0x2 ./MCAL/TIMERS/TIMER2/src/TMR2_program.o
 .bss.local_u32CTCCounter.1296
                0x008001ed        0x4 ./MCAL/TIMERS/TIMER2/src/TMR2_program.o
 .bss.private_ctcCounter
                0x008001f1        0x4 ./MCAL/TIMERS/TIMER2/src/TMR2_program.o
 .bss.TMR0_privatePtrToCAllBackOVF
                0x008001f5        0x2 ./MCAL/TIMERS/TIMER0/src/TMR0_program.o
 .bss.TMR0_privatePtrToCAllBackCTC
                0x008001f7        0x2 ./MCAL/TIMERS/TIMER0/src/TMR0_program.o
 .bss.local_u16ovCounter.1291
                0x008001f9        0x2 ./MCAL/TIMERS/TIMER0/src/TMR0_program.o
 .bss.local_u32CTCCounter.1307
                0x008001fb        0x4 ./MCAL/TIMERS/TIMER0/src/TMR0_program.o
 .bss.private_ctcCounter
                0x008001ff        0x4 ./MCAL/TIMERS/TIMER0/src/TMR0_program.o
 .bss.Local_u16CounterValue.1271
                0x00800203        0x2 ./MCAL/HICU/src/HICU_program.o
 .bss.Local_u16OldValue.1270
                0x00800205        0x2 ./MCAL/HICU/src/HICU_program.o
 .bss.Private_u16OnPeriod
                0x00800207        0x2 ./MCAL/HICU/src/HICU_program.o
 .bss.Private_u16OffPeriod
                0x00800209        0x2 ./MCAL/HICU/src/HICU_program.o
 .bss.private_pCallBackINT0
                0x0080020b        0x2 ./MCAL/EXTI/src/EXTI_program.o
 .bss.private_pCallBackINT1
                0x0080020d        0x2 ./MCAL/EXTI/src/EXTI_program.o
 .bss.private_pCallBackINT2
                0x0080020f        0x2 ./MCAL/EXTI/src/EXTI_program.o
 *(COMMON)
 COMMON         0x00800211       0x20 ./OS/OS_program.o
                0x00800211                OS_Tasks
                0x00800231                PROVIDE (__bss_end, .)
                0x0000473a                __data_load_start = LOADADDR (.data)
                0x000048bc                __data_load_end = (__data_load_start + SIZEOF (.data))

.noinit         0x00800231        0x0
                0x00800231                PROVIDE (__noinit_start, .)
 *(.noinit*)
                0x00800231                PROVIDE (__noinit_end, .)
                0x00800231                _end = .
                0x00800231                PROVIDE (__heap_start, .)

.eeprom         0x00810000        0x0
 *(.eeprom*)
                0x00810000                __eeprom_end = .

.fuse
 *(.fuse)
 *(.lfuse)
 *(.hfuse)
 *(.efuse)

.lock
 *(.lock*)

.signature
 *(.signature*)

.stab           0x00000000     0x42a8
 *(.stab)
 .stab          0x00000000      0x648 ./OS/OS_program.o
 .stab          0x00000648      0x2f4 ./MCAL/WDT/src/WDT_program.o
                                0x300 (size before relaxing)
 .stab          0x0000093c      0x4e0 ./MCAL/TIMERS/TIMER2/src/TMR2_program.o
                                0x4ec (size before relaxing)
 .stab          0x00000e1c      0x354 ./MCAL/TIMERS/TIMER1/src/TMR1_program.o
                                0x360 (size before relaxing)
 .stab          0x00001170      0x510 ./MCAL/TIMERS/TIMER0/src/TMR0_program.o
                                0x51c (size before relaxing)
 .stab          0x00001680      0x564 ./MCAL/PORT/PORT.o
                                0x570 (size before relaxing)
 .stab          0x00001be4      0x144 ./MCAL/PORT/PORT_cnf.o
                                0x420 (size before relaxing)
 .stab          0x00001d28      0x3cc ./MCAL/HICU/src/HICU_program.o
                                0x3d8 (size before relaxing)
 .stab          0x000020f4      0x1c8 ./MCAL/GI/GI_program.o
                                0x1d4 (size before relaxing)
 .stab          0x000022bc      0x4a4 ./MCAL/EXTI/src/EXTI_program.o
                                0x4b0 (size before relaxing)
 .stab          0x00002760      0x504 ./MCAL/DIO/DIO_program.o
                                0x6c0 (size before relaxing)
 .stab          0x00002c64     0x1338 ./HAL/LCD/LCD.o
                               0x14e8 (size before relaxing)
 .stab          0x00003f9c      0x30c ./main.o
                                0x588 (size before relaxing)

.stabstr        0x00000000     0x256d
 *(.stabstr)
 .stabstr       0x00000000     0x256d ./OS/OS_program.o

.stab.excl
 *(.stab.excl)

.stab.exclstr
 *(.stab.exclstr)

.stab.index
 *(.stab.index)

.stab.indexstr
 *(.stab.indexstr)

.comment
 *(.comment)

.debug
 *(.debug)

.line
 *(.line)

.debug_srcinfo
 *(.debug_srcinfo)

.debug_sfnames
 *(.debug_sfnames)

.debug_aranges  0x00000000      0x1e0
 *(.debug_aranges)
 .debug_aranges
                0x00000000       0x20 d:/es_diploma/tools/imt_sdk_win_64/winavr/bin/../lib/gcc/avr/4.3.3/avr5\libgcc.a(_fixunssfsi.o)
 .debug_aranges
                0x00000020       0x20 d:/es_diploma/tools/imt_sdk_win_64/winavr/bin/../lib/gcc/avr/4.3.3/avr5\libgcc.a(_addsub_sf.o)
 .debug_aranges
                0x00000040       0x20 d:/es_diploma/tools/imt_sdk_win_64/winavr/bin/../lib/gcc/avr/4.3.3/avr5\libgcc.a(_mul_sf.o)
 .debug_aranges
                0x00000060       0x20 d:/es_diploma/tools/imt_sdk_win_64/winavr/bin/../lib/gcc/avr/4.3.3/avr5\libgcc.a(_div_sf.o)
 .debug_aranges
                0x00000080       0x20 d:/es_diploma/tools/imt_sdk_win_64/winavr/bin/../lib/gcc/avr/4.3.3/avr5\libgcc.a(_eq_sf.o)
 .debug_aranges
                0x000000a0       0x20 d:/es_diploma/tools/imt_sdk_win_64/winavr/bin/../lib/gcc/avr/4.3.3/avr5\libgcc.a(_gt_sf.o)
 .debug_aranges
                0x000000c0       0x20 d:/es_diploma/tools/imt_sdk_win_64/winavr/bin/../lib/gcc/avr/4.3.3/avr5\libgcc.a(_ge_sf.o)
 .debug_aranges
                0x000000e0       0x20 d:/es_diploma/tools/imt_sdk_win_64/winavr/bin/../lib/gcc/avr/4.3.3/avr5\libgcc.a(_lt_sf.o)
 .debug_aranges
                0x00000100       0x20 d:/es_diploma/tools/imt_sdk_win_64/winavr/bin/../lib/gcc/avr/4.3.3/avr5\libgcc.a(_le_sf.o)
 .debug_aranges
                0x00000120       0x20 d:/es_diploma/tools/imt_sdk_win_64/winavr/bin/../lib/gcc/avr/4.3.3/avr5\libgcc.a(_sf_to_si.o)
 .debug_aranges
                0x00000140       0x20 d:/es_diploma/tools/imt_sdk_win_64/winavr/bin/../lib/gcc/avr/4.3.3/avr5\libgcc.a(_usi_to_sf.o)
 .debug_aranges
                0x00000160       0x20 d:/es_diploma/tools/imt_sdk_win_64/winavr/bin/../lib/gcc/avr/4.3.3/avr5\libgcc.a(_clzsi2.o)
 .debug_aranges
                0x00000180       0x20 d:/es_diploma/tools/imt_sdk_win_64/winavr/bin/../lib/gcc/avr/4.3.3/avr5\libgcc.a(_pack_sf.o)
 .debug_aranges
                0x000001a0       0x20 d:/es_diploma/tools/imt_sdk_win_64/winavr/bin/../lib/gcc/avr/4.3.3/avr5\libgcc.a(_unpack_sf.o)
 .debug_aranges
                0x000001c0       0x20 d:/es_diploma/tools/imt_sdk_win_64/winavr/bin/../lib/gcc/avr/4.3.3/avr5\libgcc.a(_fpcmp_parts_sf.o)

.debug_pubnames
                0x00000000      0x22e
 *(.debug_pubnames)
 .debug_pubnames
                0x00000000       0x23 d:/es_diploma/tools/imt_sdk_win_64/winavr/bin/../lib/gcc/avr/4.3.3/avr5\libgcc.a(_fixunssfsi.o)
 .debug_pubnames
                0x00000023       0x2c d:/es_diploma/tools/imt_sdk_win_64/winavr/bin/../lib/gcc/avr/4.3.3/avr5\libgcc.a(_addsub_sf.o)
 .debug_pubnames
                0x0000004f       0x1f d:/es_diploma/tools/imt_sdk_win_64/winavr/bin/../lib/gcc/avr/4.3.3/avr5\libgcc.a(_mul_sf.o)
 .debug_pubnames
                0x0000006e       0x1f d:/es_diploma/tools/imt_sdk_win_64/winavr/bin/../lib/gcc/avr/4.3.3/avr5\libgcc.a(_div_sf.o)
 .debug_pubnames
                0x0000008d       0x1e d:/es_diploma/tools/imt_sdk_win_64/winavr/bin/../lib/gcc/avr/4.3.3/avr5\libgcc.a(_eq_sf.o)
 .debug_pubnames
                0x000000ab       0x1e d:/es_diploma/tools/imt_sdk_win_64/winavr/bin/../lib/gcc/avr/4.3.3/avr5\libgcc.a(_gt_sf.o)
 .debug_pubnames
                0x000000c9       0x1e d:/es_diploma/tools/imt_sdk_win_64/winavr/bin/../lib/gcc/avr/4.3.3/avr5\libgcc.a(_ge_sf.o)
 .debug_pubnames
                0x000000e7       0x1e d:/es_diploma/tools/imt_sdk_win_64/winavr/bin/../lib/gcc/avr/4.3.3/avr5\libgcc.a(_lt_sf.o)
 .debug_pubnames
                0x00000105       0x1e d:/es_diploma/tools/imt_sdk_win_64/winavr/bin/../lib/gcc/avr/4.3.3/avr5\libgcc.a(_le_sf.o)
 .debug_pubnames
                0x00000123       0x20 d:/es_diploma/tools/imt_sdk_win_64/winavr/bin/../lib/gcc/avr/4.3.3/avr5\libgcc.a(_sf_to_si.o)
 .debug_pubnames
                0x00000143       0x22 d:/es_diploma/tools/imt_sdk_win_64/winavr/bin/../lib/gcc/avr/4.3.3/avr5\libgcc.a(_thenan_sf.o)
 .debug_pubnames
                0x00000165       0x24 d:/es_diploma/tools/imt_sdk_win_64/winavr/bin/../lib/gcc/avr/4.3.3/avr5\libgcc.a(_usi_to_sf.o)
 .debug_pubnames
                0x00000189       0x1f d:/es_diploma/tools/imt_sdk_win_64/winavr/bin/../lib/gcc/avr/4.3.3/avr5\libgcc.a(_clzsi2.o)
 .debug_pubnames
                0x000001a8       0x1f d:/es_diploma/tools/imt_sdk_win_64/winavr/bin/../lib/gcc/avr/4.3.3/avr5\libgcc.a(_pack_sf.o)
 .debug_pubnames
                0x000001c7       0x21 d:/es_diploma/tools/imt_sdk_win_64/winavr/bin/../lib/gcc/avr/4.3.3/avr5\libgcc.a(_unpack_sf.o)
 .debug_pubnames
                0x000001e8       0x26 d:/es_diploma/tools/imt_sdk_win_64/winavr/bin/../lib/gcc/avr/4.3.3/avr5\libgcc.a(_fpcmp_parts_sf.o)
 .debug_pubnames
                0x0000020e       0x20 d:/es_diploma/tools/imt_sdk_win_64/winavr/bin/../lib/gcc/avr/4.3.3/avr5\libgcc.a(_clz.o)

.debug_info     0x00000000     0x2909
 *(.debug_info)
 .debug_info    0x00000000       0xb1 d:/es_diploma/tools/imt_sdk_win_64/winavr/bin/../lib/gcc/avr/4.3.3/avr5\libgcc.a(_fixunssfsi.o)
 .debug_info    0x000000b1      0x47a d:/es_diploma/tools/imt_sdk_win_64/winavr/bin/../lib/gcc/avr/4.3.3/avr5\libgcc.a(_addsub_sf.o)
 .debug_info    0x0000052b      0x485 d:/es_diploma/tools/imt_sdk_win_64/winavr/bin/../lib/gcc/avr/4.3.3/avr5\libgcc.a(_mul_sf.o)
 .debug_info    0x000009b0      0x3fc d:/es_diploma/tools/imt_sdk_win_64/winavr/bin/../lib/gcc/avr/4.3.3/avr5\libgcc.a(_div_sf.o)
 .debug_info    0x00000dac      0x27f d:/es_diploma/tools/imt_sdk_win_64/winavr/bin/../lib/gcc/avr/4.3.3/avr5\libgcc.a(_eq_sf.o)
 .debug_info    0x0000102b      0x27f d:/es_diploma/tools/imt_sdk_win_64/winavr/bin/../lib/gcc/avr/4.3.3/avr5\libgcc.a(_gt_sf.o)
 .debug_info    0x000012aa      0x27f d:/es_diploma/tools/imt_sdk_win_64/winavr/bin/../lib/gcc/avr/4.3.3/avr5\libgcc.a(_ge_sf.o)
 .debug_info    0x00001529      0x27f d:/es_diploma/tools/imt_sdk_win_64/winavr/bin/../lib/gcc/avr/4.3.3/avr5\libgcc.a(_lt_sf.o)
 .debug_info    0x000017a8      0x27f d:/es_diploma/tools/imt_sdk_win_64/winavr/bin/../lib/gcc/avr/4.3.3/avr5\libgcc.a(_le_sf.o)
 .debug_info    0x00001a27      0x2b0 d:/es_diploma/tools/imt_sdk_win_64/winavr/bin/../lib/gcc/avr/4.3.3/avr5\libgcc.a(_sf_to_si.o)
 .debug_info    0x00001cd7      0x12c d:/es_diploma/tools/imt_sdk_win_64/winavr/bin/../lib/gcc/avr/4.3.3/avr5\libgcc.a(_thenan_sf.o)
 .debug_info    0x00001e03      0x206 d:/es_diploma/tools/imt_sdk_win_64/winavr/bin/../lib/gcc/avr/4.3.3/avr5\libgcc.a(_usi_to_sf.o)
 .debug_info    0x00002009      0x117 d:/es_diploma/tools/imt_sdk_win_64/winavr/bin/../lib/gcc/avr/4.3.3/avr5\libgcc.a(_clzsi2.o)
 .debug_info    0x00002120      0x2df d:/es_diploma/tools/imt_sdk_win_64/winavr/bin/../lib/gcc/avr/4.3.3/avr5\libgcc.a(_pack_sf.o)
 .debug_info    0x000023ff      0x251 d:/es_diploma/tools/imt_sdk_win_64/winavr/bin/../lib/gcc/avr/4.3.3/avr5\libgcc.a(_unpack_sf.o)
 .debug_info    0x00002650      0x210 d:/es_diploma/tools/imt_sdk_win_64/winavr/bin/../lib/gcc/avr/4.3.3/avr5\libgcc.a(_fpcmp_parts_sf.o)
 .debug_info    0x00002860       0xa9 d:/es_diploma/tools/imt_sdk_win_64/winavr/bin/../lib/gcc/avr/4.3.3/avr5\libgcc.a(_clz.o)
 *(.gnu.linkonce.wi.*)

.debug_abbrev   0x00000000     0x163a
 *(.debug_abbrev)
 .debug_abbrev  0x00000000       0x5d d:/es_diploma/tools/imt_sdk_win_64/winavr/bin/../lib/gcc/avr/4.3.3/avr5\libgcc.a(_fixunssfsi.o)
 .debug_abbrev  0x0000005d      0x1ea d:/es_diploma/tools/imt_sdk_win_64/winavr/bin/../lib/gcc/avr/4.3.3/avr5\libgcc.a(_addsub_sf.o)
 .debug_abbrev  0x00000247      0x21b d:/es_diploma/tools/imt_sdk_win_64/winavr/bin/../lib/gcc/avr/4.3.3/avr5\libgcc.a(_mul_sf.o)
 .debug_abbrev  0x00000462      0x216 d:/es_diploma/tools/imt_sdk_win_64/winavr/bin/../lib/gcc/avr/4.3.3/avr5\libgcc.a(_div_sf.o)
 .debug_abbrev  0x00000678      0x15a d:/es_diploma/tools/imt_sdk_win_64/winavr/bin/../lib/gcc/avr/4.3.3/avr5\libgcc.a(_eq_sf.o)
 .debug_abbrev  0x000007d2      0x15a d:/es_diploma/tools/imt_sdk_win_64/winavr/bin/../lib/gcc/avr/4.3.3/avr5\libgcc.a(_gt_sf.o)
 .debug_abbrev  0x0000092c      0x15a d:/es_diploma/tools/imt_sdk_win_64/winavr/bin/../lib/gcc/avr/4.3.3/avr5\libgcc.a(_ge_sf.o)
 .debug_abbrev  0x00000a86      0x15a d:/es_diploma/tools/imt_sdk_win_64/winavr/bin/../lib/gcc/avr/4.3.3/avr5\libgcc.a(_lt_sf.o)
 .debug_abbrev  0x00000be0      0x15a d:/es_diploma/tools/imt_sdk_win_64/winavr/bin/../lib/gcc/avr/4.3.3/avr5\libgcc.a(_le_sf.o)
 .debug_abbrev  0x00000d3a      0x17f d:/es_diploma/tools/imt_sdk_win_64/winavr/bin/../lib/gcc/avr/4.3.3/avr5\libgcc.a(_sf_to_si.o)
 .debug_abbrev  0x00000eb9       0xad d:/es_diploma/tools/imt_sdk_win_64/winavr/bin/../lib/gcc/avr/4.3.3/avr5\libgcc.a(_thenan_sf.o)
 .debug_abbrev  0x00000f66      0x157 d:/es_diploma/tools/imt_sdk_win_64/winavr/bin/../lib/gcc/avr/4.3.3/avr5\libgcc.a(_usi_to_sf.o)
 .debug_abbrev  0x000010bd       0xc4 d:/es_diploma/tools/imt_sdk_win_64/winavr/bin/../lib/gcc/avr/4.3.3/avr5\libgcc.a(_clzsi2.o)
 .debug_abbrev  0x00001181      0x1c0 d:/es_diploma/tools/imt_sdk_win_64/winavr/bin/../lib/gcc/avr/4.3.3/avr5\libgcc.a(_pack_sf.o)
 .debug_abbrev  0x00001341      0x154 d:/es_diploma/tools/imt_sdk_win_64/winavr/bin/../lib/gcc/avr/4.3.3/avr5\libgcc.a(_unpack_sf.o)
 .debug_abbrev  0x00001495      0x13b d:/es_diploma/tools/imt_sdk_win_64/winavr/bin/../lib/gcc/avr/4.3.3/avr5\libgcc.a(_fpcmp_parts_sf.o)
 .debug_abbrev  0x000015d0       0x6a d:/es_diploma/tools/imt_sdk_win_64/winavr/bin/../lib/gcc/avr/4.3.3/avr5\libgcc.a(_clz.o)

.debug_line     0x00000000     0x137c
 *(.debug_line)
 .debug_line    0x00000000       0xa7 d:/es_diploma/tools/imt_sdk_win_64/winavr/bin/../lib/gcc/avr/4.3.3/avr5\libgcc.a(_fixunssfsi.o)
 .debug_line    0x000000a7      0x2af d:/es_diploma/tools/imt_sdk_win_64/winavr/bin/../lib/gcc/avr/4.3.3/avr5\libgcc.a(_addsub_sf.o)
 .debug_line    0x00000356      0x239 d:/es_diploma/tools/imt_sdk_win_64/winavr/bin/../lib/gcc/avr/4.3.3/avr5\libgcc.a(_mul_sf.o)
 .debug_line    0x0000058f      0x1d5 d:/es_diploma/tools/imt_sdk_win_64/winavr/bin/../lib/gcc/avr/4.3.3/avr5\libgcc.a(_div_sf.o)
 .debug_line    0x00000764       0xd3 d:/es_diploma/tools/imt_sdk_win_64/winavr/bin/../lib/gcc/avr/4.3.3/avr5\libgcc.a(_eq_sf.o)
 .debug_line    0x00000837       0xd3 d:/es_diploma/tools/imt_sdk_win_64/winavr/bin/../lib/gcc/avr/4.3.3/avr5\libgcc.a(_gt_sf.o)
 .debug_line    0x0000090a       0xd3 d:/es_diploma/tools/imt_sdk_win_64/winavr/bin/../lib/gcc/avr/4.3.3/avr5\libgcc.a(_ge_sf.o)
 .debug_line    0x000009dd       0xd3 d:/es_diploma/tools/imt_sdk_win_64/winavr/bin/../lib/gcc/avr/4.3.3/avr5\libgcc.a(_lt_sf.o)
 .debug_line    0x00000ab0       0xd3 d:/es_diploma/tools/imt_sdk_win_64/winavr/bin/../lib/gcc/avr/4.3.3/avr5\libgcc.a(_le_sf.o)
 .debug_line    0x00000b83      0x109 d:/es_diploma/tools/imt_sdk_win_64/winavr/bin/../lib/gcc/avr/4.3.3/avr5\libgcc.a(_sf_to_si.o)
 .debug_line    0x00000c8c       0x90 d:/es_diploma/tools/imt_sdk_win_64/winavr/bin/../lib/gcc/avr/4.3.3/avr5\libgcc.a(_thenan_sf.o)
 .debug_line    0x00000d1c      0x133 d:/es_diploma/tools/imt_sdk_win_64/winavr/bin/../lib/gcc/avr/4.3.3/avr5\libgcc.a(_usi_to_sf.o)
 .debug_line    0x00000e4f       0xa5 d:/es_diploma/tools/imt_sdk_win_64/winavr/bin/../lib/gcc/avr/4.3.3/avr5\libgcc.a(_clzsi2.o)
 .debug_line    0x00000ef4      0x18a d:/es_diploma/tools/imt_sdk_win_64/winavr/bin/../lib/gcc/avr/4.3.3/avr5\libgcc.a(_pack_sf.o)
 .debug_line    0x0000107e      0x14b d:/es_diploma/tools/imt_sdk_win_64/winavr/bin/../lib/gcc/avr/4.3.3/avr5\libgcc.a(_unpack_sf.o)
 .debug_line    0x000011c9      0x137 d:/es_diploma/tools/imt_sdk_win_64/winavr/bin/../lib/gcc/avr/4.3.3/avr5\libgcc.a(_fpcmp_parts_sf.o)
 .debug_line    0x00001300       0x7c d:/es_diploma/tools/imt_sdk_win_64/winavr/bin/../lib/gcc/avr/4.3.3/avr5\libgcc.a(_clz.o)

.debug_frame    0x00000000      0x200
 *(.debug_frame)
 .debug_frame   0x00000000       0x20 d:/es_diploma/tools/imt_sdk_win_64/winavr/bin/../lib/gcc/avr/4.3.3/avr5\libgcc.a(_fixunssfsi.o)
 .debug_frame   0x00000020       0x40 d:/es_diploma/tools/imt_sdk_win_64/winavr/bin/../lib/gcc/avr/4.3.3/avr5\libgcc.a(_addsub_sf.o)
 .debug_frame   0x00000060       0x20 d:/es_diploma/tools/imt_sdk_win_64/winavr/bin/../lib/gcc/avr/4.3.3/avr5\libgcc.a(_mul_sf.o)
 .debug_frame   0x00000080       0x20 d:/es_diploma/tools/imt_sdk_win_64/winavr/bin/../lib/gcc/avr/4.3.3/avr5\libgcc.a(_div_sf.o)
 .debug_frame   0x000000a0       0x20 d:/es_diploma/tools/imt_sdk_win_64/winavr/bin/../lib/gcc/avr/4.3.3/avr5\libgcc.a(_eq_sf.o)
 .debug_frame   0x000000c0       0x20 d:/es_diploma/tools/imt_sdk_win_64/winavr/bin/../lib/gcc/avr/4.3.3/avr5\libgcc.a(_gt_sf.o)
 .debug_frame   0x000000e0       0x20 d:/es_diploma/tools/imt_sdk_win_64/winavr/bin/../lib/gcc/avr/4.3.3/avr5\libgcc.a(_ge_sf.o)
 .debug_frame   0x00000100       0x20 d:/es_diploma/tools/imt_sdk_win_64/winavr/bin/../lib/gcc/avr/4.3.3/avr5\libgcc.a(_lt_sf.o)
 .debug_frame   0x00000120       0x20 d:/es_diploma/tools/imt_sdk_win_64/winavr/bin/../lib/gcc/avr/4.3.3/avr5\libgcc.a(_le_sf.o)
 .debug_frame   0x00000140       0x20 d:/es_diploma/tools/imt_sdk_win_64/winavr/bin/../lib/gcc/avr/4.3.3/avr5\libgcc.a(_sf_to_si.o)
 .debug_frame   0x00000160       0x20 d:/es_diploma/tools/imt_sdk_win_64/winavr/bin/../lib/gcc/avr/4.3.3/avr5\libgcc.a(_usi_to_sf.o)
 .debug_frame   0x00000180       0x20 d:/es_diploma/tools/imt_sdk_win_64/winavr/bin/../lib/gcc/avr/4.3.3/avr5\libgcc.a(_clzsi2.o)
 .debug_frame   0x000001a0       0x20 d:/es_diploma/tools/imt_sdk_win_64/winavr/bin/../lib/gcc/avr/4.3.3/avr5\libgcc.a(_pack_sf.o)
 .debug_frame   0x000001c0       0x20 d:/es_diploma/tools/imt_sdk_win_64/winavr/bin/../lib/gcc/avr/4.3.3/avr5\libgcc.a(_unpack_sf.o)
 .debug_frame   0x000001e0       0x20 d:/es_diploma/tools/imt_sdk_win_64/winavr/bin/../lib/gcc/avr/4.3.3/avr5\libgcc.a(_fpcmp_parts_sf.o)

.debug_str      0x00000000      0x306
 *(.debug_str)
 .debug_str     0x00000000       0xbf d:/es_diploma/tools/imt_sdk_win_64/winavr/bin/../lib/gcc/avr/4.3.3/avr5\libgcc.a(_fixunssfsi.o)
                                 0xfe (size before relaxing)
 .debug_str     0x000000bf      0x14d d:/es_diploma/tools/imt_sdk_win_64/winavr/bin/../lib/gcc/avr/4.3.3/avr5\libgcc.a(_addsub_sf.o)
                                0x206 (size before relaxing)
 .debug_str     0x0000020c       0x27 d:/es_diploma/tools/imt_sdk_win_64/winavr/bin/../lib/gcc/avr/4.3.3/avr5\libgcc.a(_mul_sf.o)
                                0x1bf (size before relaxing)
 .debug_str     0x00000233       0x35 d:/es_diploma/tools/imt_sdk_win_64/winavr/bin/../lib/gcc/avr/4.3.3/avr5\libgcc.a(_div_sf.o)
                                0x1c8 (size before relaxing)
 .debug_str     0x00000268        0x8 d:/es_diploma/tools/imt_sdk_win_64/winavr/bin/../lib/gcc/avr/4.3.3/avr5\libgcc.a(_eq_sf.o)
                                0x195 (size before relaxing)
 .debug_str     0x00000270        0x8 d:/es_diploma/tools/imt_sdk_win_64/winavr/bin/../lib/gcc/avr/4.3.3/avr5\libgcc.a(_gt_sf.o)
                                0x195 (size before relaxing)
 .debug_str     0x00000278        0x8 d:/es_diploma/tools/imt_sdk_win_64/winavr/bin/../lib/gcc/avr/4.3.3/avr5\libgcc.a(_ge_sf.o)
                                0x195 (size before relaxing)
 .debug_str     0x00000280        0x8 d:/es_diploma/tools/imt_sdk_win_64/winavr/bin/../lib/gcc/avr/4.3.3/avr5\libgcc.a(_lt_sf.o)
                                0x195 (size before relaxing)
 .debug_str     0x00000288        0x8 d:/es_diploma/tools/imt_sdk_win_64/winavr/bin/../lib/gcc/avr/4.3.3/avr5\libgcc.a(_le_sf.o)
                                0x195 (size before relaxing)
 .debug_str     0x00000290        0xa d:/es_diploma/tools/imt_sdk_win_64/winavr/bin/../lib/gcc/avr/4.3.3/avr5\libgcc.a(_sf_to_si.o)
                                0x19e (size before relaxing)
 .debug_str     0x00000000      0x103 d:/es_diploma/tools/imt_sdk_win_64/winavr/bin/../lib/gcc/avr/4.3.3/avr5\libgcc.a(_thenan_sf.o)
 .debug_str     0x0000029a       0x21 d:/es_diploma/tools/imt_sdk_win_64/winavr/bin/../lib/gcc/avr/4.3.3/avr5\libgcc.a(_usi_to_sf.o)
                                0x177 (size before relaxing)
 .debug_str     0x000002bb       0x20 d:/es_diploma/tools/imt_sdk_win_64/winavr/bin/../lib/gcc/avr/4.3.3/avr5\libgcc.a(_clzsi2.o)
                                0x111 (size before relaxing)
 .debug_str     0x000002db       0x10 d:/es_diploma/tools/imt_sdk_win_64/winavr/bin/../lib/gcc/avr/4.3.3/avr5\libgcc.a(_pack_sf.o)
                                0x19d (size before relaxing)
 .debug_str     0x000002eb        0xb d:/es_diploma/tools/imt_sdk_win_64/winavr/bin/../lib/gcc/avr/4.3.3/avr5\libgcc.a(_unpack_sf.o)
                                0x17f (size before relaxing)
 .debug_str     0x000002f6       0x10 d:/es_diploma/tools/imt_sdk_win_64/winavr/bin/../lib/gcc/avr/4.3.3/avr5\libgcc.a(_fpcmp_parts_sf.o)
                                0x163 (size before relaxing)
 .debug_str     0x00000000       0xf4 d:/es_diploma/tools/imt_sdk_win_64/winavr/bin/../lib/gcc/avr/4.3.3/avr5\libgcc.a(_clz.o)

.debug_loc      0x00000000      0x9e6
 *(.debug_loc)
 .debug_loc     0x00000000       0x34 d:/es_diploma/tools/imt_sdk_win_64/winavr/bin/../lib/gcc/avr/4.3.3/avr5\libgcc.a(_fixunssfsi.o)
 .debug_loc     0x00000034      0x32a d:/es_diploma/tools/imt_sdk_win_64/winavr/bin/../lib/gcc/avr/4.3.3/avr5\libgcc.a(_addsub_sf.o)
 .debug_loc     0x0000035e      0x104 d:/es_diploma/tools/imt_sdk_win_64/winavr/bin/../lib/gcc/avr/4.3.3/avr5\libgcc.a(_mul_sf.o)
 .debug_loc     0x00000462       0xc0 d:/es_diploma/tools/imt_sdk_win_64/winavr/bin/../lib/gcc/avr/4.3.3/avr5\libgcc.a(_div_sf.o)
 .debug_loc     0x00000522       0x3c d:/es_diploma/tools/imt_sdk_win_64/winavr/bin/../lib/gcc/avr/4.3.3/avr5\libgcc.a(_eq_sf.o)
 .debug_loc     0x0000055e       0x3c d:/es_diploma/tools/imt_sdk_win_64/winavr/bin/../lib/gcc/avr/4.3.3/avr5\libgcc.a(_gt_sf.o)
 .debug_loc     0x0000059a       0x3c d:/es_diploma/tools/imt_sdk_win_64/winavr/bin/../lib/gcc/avr/4.3.3/avr5\libgcc.a(_ge_sf.o)
 .debug_loc     0x000005d6       0x3c d:/es_diploma/tools/imt_sdk_win_64/winavr/bin/../lib/gcc/avr/4.3.3/avr5\libgcc.a(_lt_sf.o)
 .debug_loc     0x00000612       0x3c d:/es_diploma/tools/imt_sdk_win_64/winavr/bin/../lib/gcc/avr/4.3.3/avr5\libgcc.a(_le_sf.o)
 .debug_loc     0x0000064e       0x7e d:/es_diploma/tools/imt_sdk_win_64/winavr/bin/../lib/gcc/avr/4.3.3/avr5\libgcc.a(_sf_to_si.o)
 .debug_loc     0x000006cc       0x4c d:/es_diploma/tools/imt_sdk_win_64/winavr/bin/../lib/gcc/avr/4.3.3/avr5\libgcc.a(_usi_to_sf.o)
 .debug_loc     0x00000718       0x94 d:/es_diploma/tools/imt_sdk_win_64/winavr/bin/../lib/gcc/avr/4.3.3/avr5\libgcc.a(_clzsi2.o)
 .debug_loc     0x000007ac      0x13e d:/es_diploma/tools/imt_sdk_win_64/winavr/bin/../lib/gcc/avr/4.3.3/avr5\libgcc.a(_pack_sf.o)
 .debug_loc     0x000008ea       0xac d:/es_diploma/tools/imt_sdk_win_64/winavr/bin/../lib/gcc/avr/4.3.3/avr5\libgcc.a(_unpack_sf.o)
 .debug_loc     0x00000996       0x50 d:/es_diploma/tools/imt_sdk_win_64/winavr/bin/../lib/gcc/avr/4.3.3/avr5\libgcc.a(_fpcmp_parts_sf.o)

.debug_macinfo
 *(.debug_macinfo)
OUTPUT(OS_SCHEDULER_Version3.elf elf32-avr)
LOAD linker stubs

.debug_ranges   0x00000000       0x50
 .debug_ranges  0x00000000       0x50 d:/es_diploma/tools/imt_sdk_win_64/winavr/bin/../lib/gcc/avr/4.3.3/avr5\libgcc.a(_mul_sf.o)
